>package foo:foo
#^^^^^^^ source.wit meta.package-decl.wit storage.modifier.package-decl.wit
#       ^ source.wit meta.package-decl.wit
#        ^^^ source.wit meta.package-decl.wit meta.id.package-decl.wit meta.package-identifier.wit entity.name.namespace.package-identifier.wit entity.name.type.id.wit
#           ^ source.wit meta.package-decl.wit meta.id.package-decl.wit meta.package-identifier.wit keyword.operator.namespace.package-identifier.wit
#            ^^^ source.wit meta.package-decl.wit meta.id.package-decl.wit meta.package-identifier.wit entity.name.type.package-identifier.wit entity.name.type.id.wit
>
>interface %flags {
#^^^^^^^^^^^^^^^^^^^ source.wit
>  flags flag1 {
#^^^^^^^^^^^^^^^^ source.wit
>    b0,
#^^^^^^^^ source.wit
>  }
#^^^^ source.wit
>
>  flags flag2 {
#^^^^^^^^^^^^^^^^ source.wit
>    b0, b1,
#^^^^^^^^^^^^ source.wit
>  }
#^^^^ source.wit
>
>  flags flag4 {
#^^^^^^^^^^^^^^^^ source.wit
>    b0, b1, b2, b3,
#^^^^^^^^^^^^^^^^^^^^ source.wit
>  }
#^^^^ source.wit
>
>  flags flag8 {
#^^^^^^^^^^^^^^^^ source.wit
>    b0, b1, b2, b3, b4, b5, b6, b7,
#^^^^^^^^^^^^^^^^^^^^^^^^^^^^^^^^^^^^ source.wit
>  }
#^^^^ source.wit
>
>  flags flag16 {
#^^^^^^^^^^^^^^^^^ source.wit
>    b0, b1, b2, b3, b4, b5, b6, b7,
#^^^^^^^^^^^^^^^^^^^^^^^^^^^^^^^^^^^^ source.wit
>    b8, b9, b10, b11, b12, b13, b14, b15,
#^^^^^^^^^^^^^^^^^^^^^^^^^^^^^^^^^^^^^^^^^^ source.wit
>  }
#^^^^ source.wit
>
>  flags flag32 {
#^^^^^^^^^^^^^^^^^ source.wit
>    b0, b1, b2, b3, b4, b5, b6, b7,
#^^^^^^^^^^^^^^^^^^^^^^^^^^^^^^^^^^^^ source.wit
>    b8, b9, b10, b11, b12, b13, b14, b15,
#^^^^^^^^^^^^^^^^^^^^^^^^^^^^^^^^^^^^^^^^^^ source.wit
>    b16, b17, b18, b19, b20, b21, b22, b23,
#^^^^^^^^^^^^^^^^^^^^^^^^^^^^^^^^^^^^^^^^^^^^ source.wit
>    b24, b25, b26, b27, b28, b29, b30, b31,
#^^^^^^^^^^^^^^^^^^^^^^^^^^^^^^^^^^^^^^^^^^^^ source.wit
>  }
#^^^^ source.wit
>
>  flags flag64 {
#^^^^^^^^^^^^^^^^^ source.wit
>    b0, b1, b2, b3, b4, b5, b6, b7,
#^^^^^^^^^^^^^^^^^^^^^^^^^^^^^^^^^^^^ source.wit
>    b8, b9, b10, b11, b12, b13, b14, b15,
#^^^^^^^^^^^^^^^^^^^^^^^^^^^^^^^^^^^^^^^^^^ source.wit
>    b16, b17, b18, b19, b20, b21, b22, b23,
#^^^^^^^^^^^^^^^^^^^^^^^^^^^^^^^^^^^^^^^^^^^^ source.wit
>    b24, b25, b26, b27, b28, b29, b30, b31,
#^^^^^^^^^^^^^^^^^^^^^^^^^^^^^^^^^^^^^^^^^^^^ source.wit
>    b32, b33, b34, b35, b36, b37, b38, b39,
#^^^^^^^^^^^^^^^^^^^^^^^^^^^^^^^^^^^^^^^^^^^^ source.wit
>    b40, b41, b42, b43, b44, b45, b46, b47,
#^^^^^^^^^^^^^^^^^^^^^^^^^^^^^^^^^^^^^^^^^^^^ source.wit
>    b48, b49, b50, b51, b52, b53, b54, b55,
#^^^^^^^^^^^^^^^^^^^^^^^^^^^^^^^^^^^^^^^^^^^^ source.wit
>    b56, b57, b58, b59, b60, b61, b62, b63,
#^^^^^^^^^^^^^^^^^^^^^^^^^^^^^^^^^^^^^^^^^^^^ source.wit
>  }
#^^^^ source.wit
>
>  roundtrip-flag1: func(x: flag1) -> flag1
#^^^^^^^^^^^^^^^^^^^^^^^^^^^^^^^^^^^^^^^^^^^ source.wit
>  roundtrip-flag2: func(x: flag2) -> flag2
#^^^^^^^^^^^^^^^^^^^^^^^^^^^^^^^^^^^^^^^^^^^ source.wit
>  roundtrip-flag4: func(x: flag4) -> flag4
#^^^^^^^^^^^^^^^^^^^^^^^^^^^^^^^^^^^^^^^^^^^ source.wit
>  roundtrip-flag8: func(x: flag8) -> flag8
#^^^^^^^^^^^^^^^^^^^^^^^^^^^^^^^^^^^^^^^^^^^ source.wit
>  roundtrip-flag16: func(x: flag16) -> flag16
#^^^^^^^^^^^^^^^^^^^^^^^^^^^^^^^^^^^^^^^^^^^^^^ source.wit
>  roundtrip-flag32: func(x: flag32) -> flag32
#^^^^^^^^^^^^^^^^^^^^^^^^^^^^^^^^^^^^^^^^^^^^^^ source.wit
>  roundtrip-flag64: func(x: flag64) -> flag64
#^^^^^^^^^^^^^^^^^^^^^^^^^^^^^^^^^^^^^^^^^^^^^^ source.wit
>}
#^^ source.wit
>
>world the-flags {
#^^^^^ source.wit meta.world-item.wit keyword.declaration.world.world-item.wit storage.type.wit
#     ^ source.wit meta.world-item.wit
#      ^^^^^^^^^ source.wit meta.world-item.wit entity.name.type.id.world-item.wit
#               ^ source.wit meta.world-item.wit
#                ^ source.wit meta.world-item.wit punctuation.brackets.curly.begin.wit
>  import %flags
#^^ source.wit meta.world-item.wit meta.import-item.wit
#  ^^^^^^ source.wit meta.world-item.wit meta.import-item.wit keyword.control.import.import-item.wit
#        ^ source.wit meta.world-item.wit meta.import-item.wit
#         ^ source.wit meta.world-item.wit meta.import-item.wit meta.id.import-item.wit
#          ^^^^^ source.wit meta.world-item.wit meta.import-item.wit meta.id.import-item.wit variable.other.id.import-item.wit
>  export %flags
#^^ source.wit meta.world-item.wit meta.export-item.wit
#  ^^^^^^ source.wit meta.world-item.wit meta.export-item.wit keyword.control.export.export-item.wit
#        ^ source.wit meta.world-item.wit meta.export-item.wit
#         ^ source.wit meta.world-item.wit meta.export-item.wit meta.id.export-item.wit
#          ^^^^^ source.wit meta.world-item.wit meta.export-item.wit meta.id.export-item.wit variable.other.constant.id.export-item.wit
>}
#^ source.wit meta.world-item.wit punctuation.brackets.curly.end.wit
>