>package foo:foo
#^^^^^^^ source.wit meta.package-decl.wit storage.modifier.package-decl.wit
#       ^ source.wit meta.package-decl.wit
#        ^^^ source.wit meta.package-decl.wit meta.id.package-decl.wit meta.package-identifier.wit entity.name.namespace.package-identifier.wit entity.name.type.id.wit
#           ^ source.wit meta.package-decl.wit meta.id.package-decl.wit meta.package-identifier.wit keyword.operator.namespace.package-identifier.wit
#            ^^^ source.wit meta.package-decl.wit meta.id.package-decl.wit meta.package-identifier.wit entity.name.type.package-identifier.wit entity.name.type.id.wit
>
>world bindings {
#^^^^^ source.wit meta.world-item.wit keyword.declaration.world.world-item.wit storage.type.wit
#     ^ source.wit meta.world-item.wit
#      ^^^^^^^^ source.wit meta.world-item.wit entity.name.type.id.world-item.wit
#              ^ source.wit meta.world-item.wit
#               ^ source.wit meta.world-item.wit punctuation.brackets.curly.begin.wit
>    import component
#^^^^ source.wit meta.world-item.wit meta.import-item.wit
#    ^^^^^^ source.wit meta.world-item.wit meta.import-item.wit keyword.control.import.import-item.wit
#          ^ source.wit meta.world-item.wit meta.import-item.wit
#           ^^^^^^^^^ source.wit meta.world-item.wit meta.import-item.wit meta.id.import-item.wit variable.other.id.import-item.wit
>}
#^ source.wit meta.world-item.wit punctuation.brackets.curly.end.wit
>
>interface component {
#^^^^^^^^^ source.wit meta.interface-item.wit keyword.declaration.interface.interface-item.wit storage.type.wit
#         ^ source.wit meta.interface-item.wit
#          ^^^^^^^^^ source.wit meta.interface-item.wit entity.name.type.id.interface-item.wit
#                   ^ source.wit meta.interface-item.wit
#                    ^ source.wit meta.interface-item.wit punctuation.brackets.curly.begin.wit
>    type value = list<tuple<>>
#^^^^ source.wit meta.interface-item.wit meta.type-item.wit
#    ^^^^ source.wit meta.interface-item.wit meta.type-item.wit keyword.declaration.type.type-item.wit storage.type.wit
#        ^ source.wit meta.interface-item.wit meta.type-item.wit
#         ^^^^^ source.wit meta.interface-item.wit meta.type-item.wit entity.name.type.id.type-item.wit
#              ^ source.wit meta.interface-item.wit meta.type-item.wit
#               ^ source.wit meta.interface-item.wit meta.type-item.wit punctuation.equal.wit
#                ^ source.wit meta.interface-item.wit meta.type-item.wit
#                 ^^^^ source.wit meta.interface-item.wit meta.type-item.wit meta.list.ty.wit entity.name.type.list.wit
#                     ^ source.wit meta.interface-item.wit meta.type-item.wit meta.list.ty.wit punctuation.brackets.angle.begin.wit
#                      ^^^^^ source.wit meta.interface-item.wit meta.type-item.wit meta.list.ty.wit meta.tuple.ty.wit entity.name.type.tuple.wit
#                           ^ source.wit meta.interface-item.wit meta.type-item.wit meta.list.ty.wit meta.tuple.ty.wit punctuation.brackets.angle.begin.wit
#                            ^ source.wit meta.interface-item.wit meta.type-item.wit meta.list.ty.wit meta.tuple.ty.wit punctuation.brackets.angle.end.wit
#                             ^ source.wit meta.interface-item.wit meta.type-item.wit meta.list.ty.wit punctuation.brackets.angle.end.wit
>    type entity = list<tuple<u32, value>>
#^^^^ source.wit meta.interface-item.wit meta.type-item.wit
#    ^^^^ source.wit meta.interface-item.wit meta.type-item.wit keyword.declaration.type.type-item.wit storage.type.wit
#        ^ source.wit meta.interface-item.wit meta.type-item.wit
#         ^^^^^^ source.wit meta.interface-item.wit meta.type-item.wit entity.name.type.id.type-item.wit
#               ^ source.wit meta.interface-item.wit meta.type-item.wit
#                ^ source.wit meta.interface-item.wit meta.type-item.wit punctuation.equal.wit
#                 ^ source.wit meta.interface-item.wit meta.type-item.wit
#                  ^^^^ source.wit meta.interface-item.wit meta.type-item.wit meta.list.ty.wit entity.name.type.list.wit
#                      ^ source.wit meta.interface-item.wit meta.type-item.wit meta.list.ty.wit punctuation.brackets.angle.begin.wit
#                       ^^^^^ source.wit meta.interface-item.wit meta.type-item.wit meta.list.ty.wit meta.tuple.ty.wit entity.name.type.tuple.wit
#                            ^ source.wit meta.interface-item.wit meta.type-item.wit meta.list.ty.wit meta.tuple.ty.wit punctuation.brackets.angle.begin.wit
#                             ^^^ source.wit meta.interface-item.wit meta.type-item.wit meta.list.ty.wit meta.tuple.ty.wit entity.name.type.numeric.wit
#                                ^ source.wit meta.interface-item.wit meta.type-item.wit meta.list.ty.wit meta.tuple.ty.wit punctuation.comma.wit
#                                 ^^^^^^ source.wit meta.interface-item.wit meta.type-item.wit meta.list.ty.wit meta.tuple.ty.wit entity.name.type.id.wit
#                                       ^ source.wit meta.interface-item.wit meta.type-item.wit meta.list.ty.wit meta.tuple.ty.wit punctuation.brackets.angle.end.wit
#                                        ^ source.wit meta.interface-item.wit meta.type-item.wit meta.list.ty.wit punctuation.brackets.angle.end.wit
>
>    add-components: func(entity: u64, data: entity)
#^^^^ source.wit meta.interface-item.wit meta.func-item.wit
#    ^^^ source.wit meta.interface-item.wit meta.func-item.wit entity.name.function.id.func-item.wit meta.word.wit
#       ^ source.wit meta.interface-item.wit meta.func-item.wit entity.name.function.id.func-item.wit meta.word-separator.wit
#        ^^^^^^^^^^ source.wit meta.interface-item.wit meta.func-item.wit entity.name.function.id.func-item.wit meta.word.wit
#                  ^ source.wit meta.interface-item.wit meta.func-item.wit keyword.operator.key-value.wit
#                   ^ source.wit meta.interface-item.wit meta.func-item.wit
#                    ^^^^ source.wit meta.interface-item.wit meta.func-item.wit meta.function.wit keyword.other.func.func-type.wit
#                        ^ source.wit meta.interface-item.wit meta.func-item.wit meta.function.wit punctuation.brackets.round.begin.wit
#                         ^^^^^^ source.wit meta.interface-item.wit meta.func-item.wit meta.function.wit meta.named-type-list.wit variable.parameter.id.named-type.wit
#                               ^ source.wit meta.interface-item.wit meta.func-item.wit meta.function.wit meta.named-type-list.wit keyword.operator.key-value.wit
#                                ^ source.wit meta.interface-item.wit meta.func-item.wit meta.function.wit meta.named-type-list.wit
#                                 ^^^ source.wit meta.interface-item.wit meta.func-item.wit meta.function.wit meta.named-type-list.wit entity.name.type.numeric.wit
#                                    ^ source.wit meta.interface-item.wit meta.func-item.wit meta.function.wit meta.named-type-list.wit punctuation.comma.wit
#                                     ^ source.wit meta.interface-item.wit meta.func-item.wit meta.function.wit meta.named-type-list.wit
#                                      ^^^^ source.wit meta.interface-item.wit meta.func-item.wit meta.function.wit meta.named-type-list.wit variable.parameter.id.named-type.wit
#                                          ^ source.wit meta.interface-item.wit meta.func-item.wit meta.function.wit meta.named-type-list.wit keyword.operator.key-value.wit
#                                           ^ source.wit meta.interface-item.wit meta.func-item.wit meta.function.wit meta.named-type-list.wit
#                                            ^^^^^^ source.wit meta.interface-item.wit meta.func-item.wit meta.function.wit meta.named-type-list.wit entity.name.type.id.wit
#                                                  ^ source.wit meta.interface-item.wit meta.func-item.wit meta.function.wit punctuation.brackets.round.end.wit
>    query-eval: func(q: u64) -> list<tuple<u64, list<value>>>
#^^^^ source.wit meta.interface-item.wit meta.func-item.wit
#    ^^^^^ source.wit meta.interface-item.wit meta.func-item.wit entity.name.function.id.func-item.wit meta.word.wit
#         ^ source.wit meta.interface-item.wit meta.func-item.wit entity.name.function.id.func-item.wit meta.word-separator.wit
#          ^^^^ source.wit meta.interface-item.wit meta.func-item.wit entity.name.function.id.func-item.wit meta.word.wit
#              ^ source.wit meta.interface-item.wit meta.func-item.wit keyword.operator.key-value.wit
#               ^ source.wit meta.interface-item.wit meta.func-item.wit
#                ^^^^ source.wit meta.interface-item.wit meta.func-item.wit meta.function.wit keyword.other.func.func-type.wit
#                    ^ source.wit meta.interface-item.wit meta.func-item.wit meta.function.wit punctuation.brackets.round.begin.wit
#                     ^ source.wit meta.interface-item.wit meta.func-item.wit meta.function.wit meta.named-type-list.wit variable.parameter.id.named-type.wit
#                      ^ source.wit meta.interface-item.wit meta.func-item.wit meta.function.wit meta.named-type-list.wit keyword.operator.key-value.wit
#                       ^ source.wit meta.interface-item.wit meta.func-item.wit meta.function.wit meta.named-type-list.wit
#                        ^^^ source.wit meta.interface-item.wit meta.func-item.wit meta.function.wit meta.named-type-list.wit entity.name.type.numeric.wit
#                           ^ source.wit meta.interface-item.wit meta.func-item.wit meta.function.wit punctuation.brackets.round.end.wit
#                            ^ source.wit meta.interface-item.wit meta.func-item.wit meta.function.wit
#                             ^^ source.wit meta.interface-item.wit meta.func-item.wit meta.function.wit meta.result-list.wit keyword.operator.arrow.skinny.wit
#                               ^ source.wit meta.interface-item.wit meta.func-item.wit meta.function.wit meta.types.result-list.wit meta.list.ty.wit
#                                ^^^^ source.wit meta.interface-item.wit meta.func-item.wit meta.function.wit meta.types.result-list.wit meta.list.ty.wit entity.name.type.list.wit
#                                    ^ source.wit meta.interface-item.wit meta.func-item.wit meta.function.wit meta.types.result-list.wit meta.list.ty.wit punctuation.brackets.angle.begin.wit
#                                     ^^^^^ source.wit meta.interface-item.wit meta.func-item.wit meta.function.wit meta.types.result-list.wit meta.list.ty.wit meta.tuple.ty.wit entity.name.type.tuple.wit
#                                          ^ source.wit meta.interface-item.wit meta.func-item.wit meta.function.wit meta.types.result-list.wit meta.list.ty.wit meta.tuple.ty.wit punctuation.brackets.angle.begin.wit
#                                           ^^^ source.wit meta.interface-item.wit meta.func-item.wit meta.function.wit meta.types.result-list.wit meta.list.ty.wit meta.tuple.ty.wit entity.name.type.numeric.wit
#                                              ^ source.wit meta.interface-item.wit meta.func-item.wit meta.function.wit meta.types.result-list.wit meta.list.ty.wit meta.tuple.ty.wit punctuation.comma.wit
#                                               ^ source.wit meta.interface-item.wit meta.func-item.wit meta.function.wit meta.types.result-list.wit meta.list.ty.wit meta.tuple.ty.wit meta.list.ty.wit
#                                                ^^^^ source.wit meta.interface-item.wit meta.func-item.wit meta.function.wit meta.types.result-list.wit meta.list.ty.wit meta.tuple.ty.wit meta.list.ty.wit entity.name.type.list.wit
#                                                    ^ source.wit meta.interface-item.wit meta.func-item.wit meta.function.wit meta.types.result-list.wit meta.list.ty.wit meta.tuple.ty.wit meta.list.ty.wit punctuation.brackets.angle.begin.wit
#                                                     ^^^^^ source.wit meta.interface-item.wit meta.func-item.wit meta.function.wit meta.types.result-list.wit meta.list.ty.wit meta.tuple.ty.wit meta.list.ty.wit entity.name.type.id.wit
#                                                          ^ source.wit meta.interface-item.wit meta.func-item.wit meta.function.wit meta.types.result-list.wit meta.list.ty.wit meta.tuple.ty.wit meta.list.ty.wit punctuation.brackets.angle.end.wit
#                                                           ^ source.wit meta.interface-item.wit meta.func-item.wit meta.function.wit meta.types.result-list.wit meta.list.ty.wit meta.tuple.ty.wit punctuation.brackets.angle.end.wit
#                                                            ^ source.wit meta.interface-item.wit meta.func-item.wit meta.function.wit meta.types.result-list.wit meta.list.ty.wit punctuation.brackets.angle.end.wit
>}
#^ source.wit meta.interface-item.wit punctuation.brackets.curly.end.wit
>