>package test:test;
#^^^^^^^ source.wit meta.package-decl.wit storage.modifier.package-decl.wit
#       ^ source.wit meta.package-decl.wit
#        ^^^^ source.wit meta.package-decl.wit meta.id.package-decl.wit meta.package-identifier.wit entity.name.namespace.package-identifier.wit entity.name.type.id.wit
#            ^ source.wit meta.package-decl.wit meta.id.package-decl.wit meta.package-identifier.wit keyword.operator.namespace.package-identifier.wit
#             ^^^^ source.wit meta.package-decl.wit meta.id.package-decl.wit meta.package-identifier.wit entity.name.type.package-identifier.wit entity.name.type.id.wit
#                 ^ source.wit meta.package-decl.wit meta.id.package-decl.wit meta.package-identifier.wit entity.name.type.package-identifier.wit
>
>interface test-import {
#^^^^^^^^^ source.wit meta.interface-item.wit keyword.declaration.interface.interface-item.wit storage.type.wit
#         ^ source.wit meta.interface-item.wit
#          ^^^^^^^^^^^ source.wit meta.interface-item.wit entity.name.type.id.interface-item.wit
#                     ^ source.wit meta.interface-item.wit
#                      ^ source.wit meta.interface-item.wit punctuation.brackets.curly.begin.wit
>  resource resource-a {
#^^ source.wit meta.interface-item.wit meta.whitespace.wit
#  ^^^^^^^^ source.wit meta.interface-item.wit meta.resource-item.wit keyword.other.resource.wit
#          ^ source.wit meta.interface-item.wit meta.resource-item.wit
#           ^^^^^^^^^^ source.wit meta.interface-item.wit meta.resource-item.wit entity.name.type.id.resource.wit
#                     ^ source.wit meta.interface-item.wit meta.resource-item.wit meta.whitespace.wit
#                      ^ source.wit meta.interface-item.wit meta.resource-item.wit meta.resource-methods.wit punctuation.brackets.curly.begin.wit
>    constructor(id: u32);
#^^^^ source.wit meta.interface-item.wit meta.resource-item.wit meta.resource-methods.wit meta.whitespace.wit
#    ^^^^^^^^^^^ source.wit meta.interface-item.wit meta.resource-item.wit meta.resource-methods.wit meta.constructor-type.wit keyword.other.constructor.constructor-type.wit
#               ^ source.wit meta.interface-item.wit meta.resource-item.wit meta.resource-methods.wit meta.constructor-type.wit meta.param-list.wit punctuation.brackets.round.begin.wit
#                ^^ source.wit meta.interface-item.wit meta.resource-item.wit meta.resource-methods.wit meta.constructor-type.wit meta.param-list.wit meta.named-type-list.wit variable.parameter.id.named-type.wit
#                  ^ source.wit meta.interface-item.wit meta.resource-item.wit meta.resource-methods.wit meta.constructor-type.wit meta.param-list.wit meta.named-type-list.wit keyword.operator.key-value.wit
#                   ^ source.wit meta.interface-item.wit meta.resource-item.wit meta.resource-methods.wit meta.constructor-type.wit meta.param-list.wit meta.named-type-list.wit meta.whitespace.wit
#                    ^^^ source.wit meta.interface-item.wit meta.resource-item.wit meta.resource-methods.wit meta.constructor-type.wit meta.param-list.wit meta.named-type-list.wit entity.name.type.numeric.wit
#                       ^ source.wit meta.interface-item.wit meta.resource-item.wit meta.resource-methods.wit meta.constructor-type.wit meta.param-list.wit punctuation.brackets.round.end.wit
#                        ^ source.wit meta.interface-item.wit meta.resource-item.wit meta.resource-methods.wit meta.constructor-type.wit
>  }
#^^ source.wit meta.interface-item.wit meta.resource-item.wit meta.resource-methods.wit meta.whitespace.wit
#  ^ source.wit meta.interface-item.wit meta.resource-item.wit meta.resource-methods.wit punctuation.brackets.curly.end.wit
>
>  record record-a {
#^^ source.wit meta.interface-item.wit meta.whitespace.wit
#  ^^^^^^ source.wit meta.interface-item.wit meta.record-item.wit keyword.declaration.record.record-item.wit
#        ^ source.wit meta.interface-item.wit meta.record-item.wit
#         ^^^^^^^^ source.wit meta.interface-item.wit meta.record-item.wit entity.name.type.id.record-item.wit
#                 ^ source.wit meta.interface-item.wit meta.record-item.wit
#                  ^ source.wit meta.interface-item.wit meta.record-item.wit punctuation.brackets.curly.begin.wit
>    resource-a: resource-a,
#^^^^ source.wit meta.interface-item.wit meta.record-item.wit meta.whitespace.wit
#    ^^^^^^^^^^ source.wit meta.interface-item.wit meta.record-item.wit meta.record-fields.wit variable.declaration.id.record-fields.wit
#              ^ source.wit meta.interface-item.wit meta.record-item.wit meta.record-fields.wit keyword.operator.key-value.wit
#               ^ source.wit meta.interface-item.wit meta.record-item.wit meta.record-fields.wit meta.whitespace.wit
#                ^^^^^^^^^^ source.wit meta.interface-item.wit meta.record-item.wit meta.record-fields.wit entity.name.type.id.wit
#                          ^ source.wit meta.interface-item.wit meta.record-item.wit meta.record-fields.wit punctuation.comma.wit
>    resources: list<resource-a>,
#^^^^ source.wit meta.interface-item.wit meta.record-item.wit meta.whitespace.wit
#    ^^^^^^^^^ source.wit meta.interface-item.wit meta.record-item.wit meta.record-fields.wit variable.declaration.id.record-fields.wit
#             ^ source.wit meta.interface-item.wit meta.record-item.wit meta.record-fields.wit keyword.operator.key-value.wit
#              ^ source.wit meta.interface-item.wit meta.record-item.wit meta.record-fields.wit meta.whitespace.wit
#               ^^^^ source.wit meta.interface-item.wit meta.record-item.wit meta.record-fields.wit meta.list.ty.wit entity.name.type.list.wit
#                   ^ source.wit meta.interface-item.wit meta.record-item.wit meta.record-fields.wit meta.list.ty.wit punctuation.brackets.angle.begin.wit
#                    ^^^^^^^^^^ source.wit meta.interface-item.wit meta.record-item.wit meta.record-fields.wit meta.list.ty.wit entity.name.type.id.wit
#                              ^ source.wit meta.interface-item.wit meta.record-item.wit meta.record-fields.wit meta.list.ty.wit punctuation.brackets.angle.end.wit
#                               ^ source.wit meta.interface-item.wit meta.record-item.wit meta.record-fields.wit punctuation.comma.wit
>  }
#^^ source.wit meta.interface-item.wit meta.record-item.wit meta.whitespace.wit
#  ^ source.wit meta.interface-item.wit meta.record-item.wit punctuation.brackets.curly.end.wit
>
>  resource resource-b {
#^^ source.wit meta.interface-item.wit meta.whitespace.wit
#  ^^^^^^^^ source.wit meta.interface-item.wit meta.resource-item.wit keyword.other.resource.wit
#          ^ source.wit meta.interface-item.wit meta.resource-item.wit
#           ^^^^^^^^^^ source.wit meta.interface-item.wit meta.resource-item.wit entity.name.type.id.resource.wit
#                     ^ source.wit meta.interface-item.wit meta.resource-item.wit meta.whitespace.wit
#                      ^ source.wit meta.interface-item.wit meta.resource-item.wit meta.resource-methods.wit punctuation.brackets.curly.begin.wit
>    make: static func(record-a: record-a);
#^^^^ source.wit meta.interface-item.wit meta.resource-item.wit meta.resource-methods.wit meta.whitespace.wit
#    ^^^^ source.wit meta.interface-item.wit meta.resource-item.wit meta.resource-methods.wit meta.func-item.wit entity.name.function.id.func-item.wit meta.word.wit
#        ^ source.wit meta.interface-item.wit meta.resource-item.wit meta.resource-methods.wit meta.func-item.wit keyword.operator.key-value.wit
#         ^ source.wit meta.interface-item.wit meta.resource-item.wit meta.resource-methods.wit meta.func-item.wit meta.whitespace.wit
#          ^^^^^^^ source.wit meta.interface-item.wit meta.resource-item.wit meta.resource-methods.wit meta.func-item.wit meta.function.wit storage.modifier.static.func-item.wit
#                 ^^^^ source.wit meta.interface-item.wit meta.resource-item.wit meta.resource-methods.wit meta.func-item.wit meta.function.wit keyword.other.func.func-type.wit
#                     ^ source.wit meta.interface-item.wit meta.resource-item.wit meta.resource-methods.wit meta.func-item.wit meta.function.wit meta.param-list.wit punctuation.brackets.round.begin.wit
#                      ^^^^^^^^ source.wit meta.interface-item.wit meta.resource-item.wit meta.resource-methods.wit meta.func-item.wit meta.function.wit meta.param-list.wit meta.named-type-list.wit variable.parameter.id.named-type.wit
#                              ^ source.wit meta.interface-item.wit meta.resource-item.wit meta.resource-methods.wit meta.func-item.wit meta.function.wit meta.param-list.wit meta.named-type-list.wit keyword.operator.key-value.wit
#                               ^ source.wit meta.interface-item.wit meta.resource-item.wit meta.resource-methods.wit meta.func-item.wit meta.function.wit meta.param-list.wit meta.named-type-list.wit meta.whitespace.wit
#                                ^^^^^^^^ source.wit meta.interface-item.wit meta.resource-item.wit meta.resource-methods.wit meta.func-item.wit meta.function.wit meta.param-list.wit meta.named-type-list.wit entity.name.type.id.wit
#                                        ^ source.wit meta.interface-item.wit meta.resource-item.wit meta.resource-methods.wit meta.func-item.wit meta.function.wit meta.param-list.wit punctuation.brackets.round.end.wit
#                                         ^ source.wit meta.interface-item.wit meta.resource-item.wit meta.resource-methods.wit meta.func-item.wit meta.function.wit
>  }
#^^ source.wit meta.interface-item.wit meta.resource-item.wit meta.resource-methods.wit meta.whitespace.wit
#  ^ source.wit meta.interface-item.wit meta.resource-item.wit meta.resource-methods.wit punctuation.brackets.curly.end.wit
>}
#^ source.wit meta.interface-item.wit punctuation.brackets.curly.end.wit
>
>world test-world {
#^^^^^ source.wit meta.world-item.wit keyword.declaration.world.world-item.wit storage.type.wit
#     ^ source.wit meta.world-item.wit
#      ^^^^^^^^^^ source.wit meta.world-item.wit entity.name.type.id.world-item.wit
#                ^ source.wit meta.world-item.wit
#                 ^ source.wit meta.world-item.wit punctuation.brackets.curly.begin.wit
>  import test-import;
#^^ source.wit meta.world-item.wit meta.whitespace.wit
#  ^^^^^^ source.wit meta.world-item.wit meta.import-item.wit keyword.control.import.import-item.wit
#        ^ source.wit meta.world-item.wit meta.import-item.wit
#         ^^^^^^^^^^^ source.wit meta.world-item.wit meta.import-item.wit meta.id.import-item.wit variable.other.id.import-item.wit
#                    ^ source.wit meta.world-item.wit meta.import-item.wit meta.id.import-item.wit
>}
#^ source.wit meta.world-item.wit punctuation.brackets.curly.end.wit
>