>package foo:foo;
#^^^^^^^ source.wit meta.package-decl.wit storage.modifier.package-decl.wit
#       ^ source.wit meta.package-decl.wit
#        ^^^ source.wit meta.package-decl.wit meta.id.package-decl.wit meta.package-identifier.wit entity.name.namespace.package-identifier.wit entity.name.type.id.wit
#           ^ source.wit meta.package-decl.wit meta.id.package-decl.wit meta.package-identifier.wit keyword.operator.namespace.package-identifier.wit
#            ^^^ source.wit meta.package-decl.wit meta.id.package-decl.wit meta.package-identifier.wit entity.name.type.package-identifier.wit entity.name.type.id.wit
#               ^ source.wit meta.package-decl.wit meta.id.package-decl.wit meta.package-identifier.wit entity.name.type.package-identifier.wit
>
>interface records {
#^^^^^^^^^ source.wit meta.interface-item.wit keyword.declaration.interface.interface-item.wit storage.type.wit
#         ^ source.wit meta.interface-item.wit
#          ^^^^^^^ source.wit meta.interface-item.wit entity.name.type.id.interface-item.wit
#                 ^ source.wit meta.interface-item.wit
#                  ^ source.wit meta.interface-item.wit punctuation.brackets.curly.begin.wit
>  tuple-arg: func(x: tuple<char, u32>);
#^^ source.wit meta.interface-item.wit meta.whitespace.wit
#  ^^^^^ source.wit meta.interface-item.wit meta.func-item.wit entity.name.function.id.func-item.wit meta.word.wit
#       ^ source.wit meta.interface-item.wit meta.func-item.wit entity.name.function.id.func-item.wit meta.word-separator.wit
#        ^^^ source.wit meta.interface-item.wit meta.func-item.wit entity.name.function.id.func-item.wit meta.word.wit
#           ^ source.wit meta.interface-item.wit meta.func-item.wit keyword.operator.key-value.wit
#            ^ source.wit meta.interface-item.wit meta.func-item.wit meta.whitespace.wit
#             ^^^^ source.wit meta.interface-item.wit meta.func-item.wit meta.function.wit keyword.other.func.func-type.wit
#                 ^ source.wit meta.interface-item.wit meta.func-item.wit meta.function.wit meta.param-list.wit punctuation.brackets.round.begin.wit
#                  ^ source.wit meta.interface-item.wit meta.func-item.wit meta.function.wit meta.param-list.wit meta.named-type-list.wit variable.parameter.id.named-type.wit
#                   ^ source.wit meta.interface-item.wit meta.func-item.wit meta.function.wit meta.param-list.wit meta.named-type-list.wit keyword.operator.key-value.wit
#                    ^ source.wit meta.interface-item.wit meta.func-item.wit meta.function.wit meta.param-list.wit meta.named-type-list.wit meta.whitespace.wit
#                     ^^^^^ source.wit meta.interface-item.wit meta.func-item.wit meta.function.wit meta.param-list.wit meta.named-type-list.wit meta.tuple.ty.wit entity.name.type.tuple.wit
#                          ^ source.wit meta.interface-item.wit meta.func-item.wit meta.function.wit meta.param-list.wit meta.named-type-list.wit meta.tuple.ty.wit punctuation.brackets.angle.begin.wit
#                           ^^^^ source.wit meta.interface-item.wit meta.func-item.wit meta.function.wit meta.param-list.wit meta.named-type-list.wit meta.tuple.ty.wit entity.name.type.string.wit
#                               ^ source.wit meta.interface-item.wit meta.func-item.wit meta.function.wit meta.param-list.wit meta.named-type-list.wit meta.tuple.ty.wit punctuation.comma.wit
#                                ^ source.wit meta.interface-item.wit meta.func-item.wit meta.function.wit meta.param-list.wit meta.named-type-list.wit meta.tuple.ty.wit meta.whitespace.wit
#                                 ^^^ source.wit meta.interface-item.wit meta.func-item.wit meta.function.wit meta.param-list.wit meta.named-type-list.wit meta.tuple.ty.wit entity.name.type.numeric.wit
#                                    ^ source.wit meta.interface-item.wit meta.func-item.wit meta.function.wit meta.param-list.wit meta.named-type-list.wit meta.tuple.ty.wit punctuation.brackets.angle.end.wit
#                                     ^ source.wit meta.interface-item.wit meta.func-item.wit meta.function.wit meta.param-list.wit punctuation.brackets.round.end.wit
#                                      ^ source.wit meta.interface-item.wit meta.func-item.wit meta.function.wit
>  tuple-result: func() -> tuple<char, u32>;
#^^ source.wit meta.interface-item.wit meta.whitespace.wit
#  ^^^^^ source.wit meta.interface-item.wit meta.func-item.wit entity.name.function.id.func-item.wit meta.word.wit
#       ^ source.wit meta.interface-item.wit meta.func-item.wit entity.name.function.id.func-item.wit meta.word-separator.wit
#        ^^^^^^ source.wit meta.interface-item.wit meta.func-item.wit entity.name.function.id.func-item.wit meta.word.wit
#              ^ source.wit meta.interface-item.wit meta.func-item.wit keyword.operator.key-value.wit
#               ^ source.wit meta.interface-item.wit meta.func-item.wit meta.whitespace.wit
#                ^^^^ source.wit meta.interface-item.wit meta.func-item.wit meta.function.wit keyword.other.func.func-type.wit
#                    ^ source.wit meta.interface-item.wit meta.func-item.wit meta.function.wit meta.param-list.wit punctuation.brackets.round.begin.wit
#                     ^ source.wit meta.interface-item.wit meta.func-item.wit meta.function.wit meta.param-list.wit punctuation.brackets.round.end.wit
#                      ^ source.wit meta.interface-item.wit meta.func-item.wit meta.function.wit meta.whitespace.wit
#                       ^^ source.wit meta.interface-item.wit meta.func-item.wit meta.function.wit meta.result-list.wit keyword.operator.arrow.skinny.wit
#                         ^ source.wit meta.interface-item.wit meta.func-item.wit meta.function.wit meta.result-list.wit meta.whitespace.wit
#                          ^^^^^ source.wit meta.interface-item.wit meta.func-item.wit meta.function.wit meta.result-list.wit meta.tuple.ty.wit entity.name.type.tuple.wit
#                               ^ source.wit meta.interface-item.wit meta.func-item.wit meta.function.wit meta.result-list.wit meta.tuple.ty.wit punctuation.brackets.angle.begin.wit
#                                ^^^^ source.wit meta.interface-item.wit meta.func-item.wit meta.function.wit meta.result-list.wit meta.tuple.ty.wit entity.name.type.string.wit
#                                    ^ source.wit meta.interface-item.wit meta.func-item.wit meta.function.wit meta.result-list.wit meta.tuple.ty.wit punctuation.comma.wit
#                                     ^ source.wit meta.interface-item.wit meta.func-item.wit meta.function.wit meta.result-list.wit meta.tuple.ty.wit meta.whitespace.wit
#                                      ^^^ source.wit meta.interface-item.wit meta.func-item.wit meta.function.wit meta.result-list.wit meta.tuple.ty.wit entity.name.type.numeric.wit
#                                         ^ source.wit meta.interface-item.wit meta.func-item.wit meta.function.wit meta.result-list.wit meta.tuple.ty.wit punctuation.brackets.angle.end.wit
#                                          ^ source.wit meta.interface-item.wit meta.func-item.wit meta.function.wit meta.result-list.wit
>
>  // NB: this record used to be empty, but that's no longer valid, so now it's
#^^^^^^^^^^^^^^^^^^^^^^^^^^^^^^^^^^^^^^^^^^^^^^^^^^^^^^^^^^^^^^^^^^^^^^^^^^^^^^ source.wit meta.interface-item.wit comment.line.double-slash.wit
>  // non-empty. Don't want to delete the whole test however.
#^^^^^^^^^^^^^^^^^^^^^^^^^^^^^^^^^^^^^^^^^^^^^^^^^^^^^^^^^^^^ source.wit meta.interface-item.wit comment.line.double-slash.wit
>  record empty {
#^^ source.wit meta.interface-item.wit meta.whitespace.wit
#  ^^^^^^ source.wit meta.interface-item.wit meta.record-item.wit keyword.declaration.record.record-item.wit
#        ^ source.wit meta.interface-item.wit meta.record-item.wit
#         ^^^^^ source.wit meta.interface-item.wit meta.record-item.wit entity.name.type.id.record-item.wit
#              ^ source.wit meta.interface-item.wit meta.record-item.wit
#               ^ source.wit meta.interface-item.wit meta.record-item.wit punctuation.brackets.curly.begin.wit
>    not-empty-anymore: bool,
#^^^^ source.wit meta.interface-item.wit meta.record-item.wit meta.whitespace.wit
#    ^^^^^^^^^^^^^^^^^ source.wit meta.interface-item.wit meta.record-item.wit meta.record-fields.wit variable.declaration.id.record-fields.wit
#                     ^ source.wit meta.interface-item.wit meta.record-item.wit meta.record-fields.wit keyword.operator.key-value.wit
#                      ^ source.wit meta.interface-item.wit meta.record-item.wit meta.record-fields.wit meta.whitespace.wit
#                       ^^^^ source.wit meta.interface-item.wit meta.record-item.wit meta.record-fields.wit entity.name.type.boolean.wit
#                           ^ source.wit meta.interface-item.wit meta.record-item.wit meta.record-fields.wit punctuation.comma.wit
>  }
#^^ source.wit meta.interface-item.wit meta.record-item.wit meta.whitespace.wit
#  ^ source.wit meta.interface-item.wit meta.record-item.wit punctuation.brackets.curly.end.wit
>
>  empty-arg: func(x: empty);
#^^ source.wit meta.interface-item.wit meta.whitespace.wit
#  ^^^^^ source.wit meta.interface-item.wit meta.func-item.wit entity.name.function.id.func-item.wit meta.word.wit
#       ^ source.wit meta.interface-item.wit meta.func-item.wit entity.name.function.id.func-item.wit meta.word-separator.wit
#        ^^^ source.wit meta.interface-item.wit meta.func-item.wit entity.name.function.id.func-item.wit meta.word.wit
#           ^ source.wit meta.interface-item.wit meta.func-item.wit keyword.operator.key-value.wit
#            ^ source.wit meta.interface-item.wit meta.func-item.wit meta.whitespace.wit
#             ^^^^ source.wit meta.interface-item.wit meta.func-item.wit meta.function.wit keyword.other.func.func-type.wit
#                 ^ source.wit meta.interface-item.wit meta.func-item.wit meta.function.wit meta.param-list.wit punctuation.brackets.round.begin.wit
#                  ^ source.wit meta.interface-item.wit meta.func-item.wit meta.function.wit meta.param-list.wit meta.named-type-list.wit variable.parameter.id.named-type.wit
#                   ^ source.wit meta.interface-item.wit meta.func-item.wit meta.function.wit meta.param-list.wit meta.named-type-list.wit keyword.operator.key-value.wit
#                    ^ source.wit meta.interface-item.wit meta.func-item.wit meta.function.wit meta.param-list.wit meta.named-type-list.wit meta.whitespace.wit
#                     ^^^^^ source.wit meta.interface-item.wit meta.func-item.wit meta.function.wit meta.param-list.wit meta.named-type-list.wit entity.name.type.id.wit
#                          ^ source.wit meta.interface-item.wit meta.func-item.wit meta.function.wit meta.param-list.wit punctuation.brackets.round.end.wit
#                           ^ source.wit meta.interface-item.wit meta.func-item.wit meta.function.wit
>  empty-result: func() -> empty;
#^^ source.wit meta.interface-item.wit meta.whitespace.wit
#  ^^^^^ source.wit meta.interface-item.wit meta.func-item.wit entity.name.function.id.func-item.wit meta.word.wit
#       ^ source.wit meta.interface-item.wit meta.func-item.wit entity.name.function.id.func-item.wit meta.word-separator.wit
#        ^^^^^^ source.wit meta.interface-item.wit meta.func-item.wit entity.name.function.id.func-item.wit meta.word.wit
#              ^ source.wit meta.interface-item.wit meta.func-item.wit keyword.operator.key-value.wit
#               ^ source.wit meta.interface-item.wit meta.func-item.wit meta.whitespace.wit
#                ^^^^ source.wit meta.interface-item.wit meta.func-item.wit meta.function.wit keyword.other.func.func-type.wit
#                    ^ source.wit meta.interface-item.wit meta.func-item.wit meta.function.wit meta.param-list.wit punctuation.brackets.round.begin.wit
#                     ^ source.wit meta.interface-item.wit meta.func-item.wit meta.function.wit meta.param-list.wit punctuation.brackets.round.end.wit
#                      ^ source.wit meta.interface-item.wit meta.func-item.wit meta.function.wit meta.whitespace.wit
#                       ^^ source.wit meta.interface-item.wit meta.func-item.wit meta.function.wit meta.result-list.wit keyword.operator.arrow.skinny.wit
#                         ^ source.wit meta.interface-item.wit meta.func-item.wit meta.function.wit meta.result-list.wit meta.whitespace.wit
#                          ^^^^^ source.wit meta.interface-item.wit meta.func-item.wit meta.function.wit meta.result-list.wit entity.name.type.id.wit
#                               ^ source.wit meta.interface-item.wit meta.func-item.wit meta.function.wit meta.result-list.wit
>
>  /// A record containing two scalar fields
#^^^^^ source.wit meta.interface-item.wit comment.line.documentation.wit
#     ^^^^^^^^^^^^^^^^^^^^^^^^^^^^^^^^^^^^^^ source.wit meta.interface-item.wit comment.line.documentation.wit
>  /// that both have the same type
#^^^^^ source.wit meta.interface-item.wit comment.line.documentation.wit
#     ^^^^^^^^^^^^^^^^^^^^^^^^^^^^^ source.wit meta.interface-item.wit comment.line.documentation.wit
>  record scalars {
#^^ source.wit meta.interface-item.wit meta.whitespace.wit
#  ^^^^^^ source.wit meta.interface-item.wit meta.record-item.wit keyword.declaration.record.record-item.wit
#        ^ source.wit meta.interface-item.wit meta.record-item.wit
#         ^^^^^^^ source.wit meta.interface-item.wit meta.record-item.wit entity.name.type.id.record-item.wit
#                ^ source.wit meta.interface-item.wit meta.record-item.wit
#                 ^ source.wit meta.interface-item.wit meta.record-item.wit punctuation.brackets.curly.begin.wit
>      /// The first field, named a
#^^^^^^^^^ source.wit meta.interface-item.wit meta.record-item.wit comment.line.documentation.wit
#         ^^^^^^^^^^^^^^^^^^^^^^^^^ source.wit meta.interface-item.wit meta.record-item.wit comment.line.documentation.wit
>      a: u32,
#^^^^^^ source.wit meta.interface-item.wit meta.record-item.wit meta.whitespace.wit
#      ^ source.wit meta.interface-item.wit meta.record-item.wit meta.record-fields.wit variable.declaration.id.record-fields.wit
#       ^ source.wit meta.interface-item.wit meta.record-item.wit meta.record-fields.wit keyword.operator.key-value.wit
#        ^ source.wit meta.interface-item.wit meta.record-item.wit meta.record-fields.wit meta.whitespace.wit
#         ^^^ source.wit meta.interface-item.wit meta.record-item.wit meta.record-fields.wit entity.name.type.numeric.wit
#            ^ source.wit meta.interface-item.wit meta.record-item.wit meta.record-fields.wit punctuation.comma.wit
>      /// The second field, named b
#^^^^^^^^^ source.wit meta.interface-item.wit meta.record-item.wit comment.line.documentation.wit
#         ^^^^^^^^^^^^^^^^^^^^^^^^^^ source.wit meta.interface-item.wit meta.record-item.wit comment.line.documentation.wit
>      b: u32,
#^^^^^^ source.wit meta.interface-item.wit meta.record-item.wit meta.whitespace.wit
#      ^ source.wit meta.interface-item.wit meta.record-item.wit meta.record-fields.wit variable.declaration.id.record-fields.wit
#       ^ source.wit meta.interface-item.wit meta.record-item.wit meta.record-fields.wit keyword.operator.key-value.wit
#        ^ source.wit meta.interface-item.wit meta.record-item.wit meta.record-fields.wit meta.whitespace.wit
#         ^^^ source.wit meta.interface-item.wit meta.record-item.wit meta.record-fields.wit entity.name.type.numeric.wit
#            ^ source.wit meta.interface-item.wit meta.record-item.wit meta.record-fields.wit punctuation.comma.wit
>  }
#^^ source.wit meta.interface-item.wit meta.record-item.wit meta.whitespace.wit
#  ^ source.wit meta.interface-item.wit meta.record-item.wit punctuation.brackets.curly.end.wit
>
>  scalar-arg: func(x: scalars);
#^^ source.wit meta.interface-item.wit meta.whitespace.wit
#  ^^^^^^ source.wit meta.interface-item.wit meta.func-item.wit entity.name.function.id.func-item.wit meta.word.wit
#        ^ source.wit meta.interface-item.wit meta.func-item.wit entity.name.function.id.func-item.wit meta.word-separator.wit
#         ^^^ source.wit meta.interface-item.wit meta.func-item.wit entity.name.function.id.func-item.wit meta.word.wit
#            ^ source.wit meta.interface-item.wit meta.func-item.wit keyword.operator.key-value.wit
#             ^ source.wit meta.interface-item.wit meta.func-item.wit meta.whitespace.wit
#              ^^^^ source.wit meta.interface-item.wit meta.func-item.wit meta.function.wit keyword.other.func.func-type.wit
#                  ^ source.wit meta.interface-item.wit meta.func-item.wit meta.function.wit meta.param-list.wit punctuation.brackets.round.begin.wit
#                   ^ source.wit meta.interface-item.wit meta.func-item.wit meta.function.wit meta.param-list.wit meta.named-type-list.wit variable.parameter.id.named-type.wit
#                    ^ source.wit meta.interface-item.wit meta.func-item.wit meta.function.wit meta.param-list.wit meta.named-type-list.wit keyword.operator.key-value.wit
#                     ^ source.wit meta.interface-item.wit meta.func-item.wit meta.function.wit meta.param-list.wit meta.named-type-list.wit meta.whitespace.wit
#                      ^^^^^^^ source.wit meta.interface-item.wit meta.func-item.wit meta.function.wit meta.param-list.wit meta.named-type-list.wit entity.name.type.id.wit
#                             ^ source.wit meta.interface-item.wit meta.func-item.wit meta.function.wit meta.param-list.wit punctuation.brackets.round.end.wit
#                              ^ source.wit meta.interface-item.wit meta.func-item.wit meta.function.wit
>  scalar-result: func() -> scalars;
#^^ source.wit meta.interface-item.wit meta.whitespace.wit
#  ^^^^^^ source.wit meta.interface-item.wit meta.func-item.wit entity.name.function.id.func-item.wit meta.word.wit
#        ^ source.wit meta.interface-item.wit meta.func-item.wit entity.name.function.id.func-item.wit meta.word-separator.wit
#         ^^^^^^ source.wit meta.interface-item.wit meta.func-item.wit entity.name.function.id.func-item.wit meta.word.wit
#               ^ source.wit meta.interface-item.wit meta.func-item.wit keyword.operator.key-value.wit
#                ^ source.wit meta.interface-item.wit meta.func-item.wit meta.whitespace.wit
#                 ^^^^ source.wit meta.interface-item.wit meta.func-item.wit meta.function.wit keyword.other.func.func-type.wit
#                     ^ source.wit meta.interface-item.wit meta.func-item.wit meta.function.wit meta.param-list.wit punctuation.brackets.round.begin.wit
#                      ^ source.wit meta.interface-item.wit meta.func-item.wit meta.function.wit meta.param-list.wit punctuation.brackets.round.end.wit
#                       ^ source.wit meta.interface-item.wit meta.func-item.wit meta.function.wit meta.whitespace.wit
#                        ^^ source.wit meta.interface-item.wit meta.func-item.wit meta.function.wit meta.result-list.wit keyword.operator.arrow.skinny.wit
#                          ^ source.wit meta.interface-item.wit meta.func-item.wit meta.function.wit meta.result-list.wit meta.whitespace.wit
#                           ^^^^^^^ source.wit meta.interface-item.wit meta.func-item.wit meta.function.wit meta.result-list.wit entity.name.type.id.wit
#                                  ^ source.wit meta.interface-item.wit meta.func-item.wit meta.function.wit meta.result-list.wit
>
>  /// A record that is really just flags
#^^^^^ source.wit meta.interface-item.wit comment.line.documentation.wit
#     ^^^^^^^^^^^^^^^^^^^^^^^^^^^^^^^^^^^ source.wit meta.interface-item.wit comment.line.documentation.wit
>  /// All of the fields are bool
#^^^^^ source.wit meta.interface-item.wit comment.line.documentation.wit
#     ^^^^^^^^^^^^^^^^^^^^^^^^^^^ source.wit meta.interface-item.wit comment.line.documentation.wit
>  record really-flags {
#^^ source.wit meta.interface-item.wit meta.whitespace.wit
#  ^^^^^^ source.wit meta.interface-item.wit meta.record-item.wit keyword.declaration.record.record-item.wit
#        ^ source.wit meta.interface-item.wit meta.record-item.wit
#         ^^^^^^^^^^^^ source.wit meta.interface-item.wit meta.record-item.wit entity.name.type.id.record-item.wit
#                     ^ source.wit meta.interface-item.wit meta.record-item.wit
#                      ^ source.wit meta.interface-item.wit meta.record-item.wit punctuation.brackets.curly.begin.wit
>      a: bool,
#^^^^^^ source.wit meta.interface-item.wit meta.record-item.wit meta.whitespace.wit
#      ^ source.wit meta.interface-item.wit meta.record-item.wit meta.record-fields.wit variable.declaration.id.record-fields.wit
#       ^ source.wit meta.interface-item.wit meta.record-item.wit meta.record-fields.wit keyword.operator.key-value.wit
#        ^ source.wit meta.interface-item.wit meta.record-item.wit meta.record-fields.wit meta.whitespace.wit
#         ^^^^ source.wit meta.interface-item.wit meta.record-item.wit meta.record-fields.wit entity.name.type.boolean.wit
#             ^ source.wit meta.interface-item.wit meta.record-item.wit meta.record-fields.wit punctuation.comma.wit
>      b: bool,
#^^^^^^ source.wit meta.interface-item.wit meta.record-item.wit meta.whitespace.wit
#      ^ source.wit meta.interface-item.wit meta.record-item.wit meta.record-fields.wit variable.declaration.id.record-fields.wit
#       ^ source.wit meta.interface-item.wit meta.record-item.wit meta.record-fields.wit keyword.operator.key-value.wit
#        ^ source.wit meta.interface-item.wit meta.record-item.wit meta.record-fields.wit meta.whitespace.wit
#         ^^^^ source.wit meta.interface-item.wit meta.record-item.wit meta.record-fields.wit entity.name.type.boolean.wit
#             ^ source.wit meta.interface-item.wit meta.record-item.wit meta.record-fields.wit punctuation.comma.wit
>      c: bool,
#^^^^^^ source.wit meta.interface-item.wit meta.record-item.wit meta.whitespace.wit
#      ^ source.wit meta.interface-item.wit meta.record-item.wit meta.record-fields.wit variable.declaration.id.record-fields.wit
#       ^ source.wit meta.interface-item.wit meta.record-item.wit meta.record-fields.wit keyword.operator.key-value.wit
#        ^ source.wit meta.interface-item.wit meta.record-item.wit meta.record-fields.wit meta.whitespace.wit
#         ^^^^ source.wit meta.interface-item.wit meta.record-item.wit meta.record-fields.wit entity.name.type.boolean.wit
#             ^ source.wit meta.interface-item.wit meta.record-item.wit meta.record-fields.wit punctuation.comma.wit
>      d: bool,
#^^^^^^ source.wit meta.interface-item.wit meta.record-item.wit meta.whitespace.wit
#      ^ source.wit meta.interface-item.wit meta.record-item.wit meta.record-fields.wit variable.declaration.id.record-fields.wit
#       ^ source.wit meta.interface-item.wit meta.record-item.wit meta.record-fields.wit keyword.operator.key-value.wit
#        ^ source.wit meta.interface-item.wit meta.record-item.wit meta.record-fields.wit meta.whitespace.wit
#         ^^^^ source.wit meta.interface-item.wit meta.record-item.wit meta.record-fields.wit entity.name.type.boolean.wit
#             ^ source.wit meta.interface-item.wit meta.record-item.wit meta.record-fields.wit punctuation.comma.wit
>      e: bool,
#^^^^^^ source.wit meta.interface-item.wit meta.record-item.wit meta.whitespace.wit
#      ^ source.wit meta.interface-item.wit meta.record-item.wit meta.record-fields.wit variable.declaration.id.record-fields.wit
#       ^ source.wit meta.interface-item.wit meta.record-item.wit meta.record-fields.wit keyword.operator.key-value.wit
#        ^ source.wit meta.interface-item.wit meta.record-item.wit meta.record-fields.wit meta.whitespace.wit
#         ^^^^ source.wit meta.interface-item.wit meta.record-item.wit meta.record-fields.wit entity.name.type.boolean.wit
#             ^ source.wit meta.interface-item.wit meta.record-item.wit meta.record-fields.wit punctuation.comma.wit
>      f: bool,
#^^^^^^ source.wit meta.interface-item.wit meta.record-item.wit meta.whitespace.wit
#      ^ source.wit meta.interface-item.wit meta.record-item.wit meta.record-fields.wit variable.declaration.id.record-fields.wit
#       ^ source.wit meta.interface-item.wit meta.record-item.wit meta.record-fields.wit keyword.operator.key-value.wit
#        ^ source.wit meta.interface-item.wit meta.record-item.wit meta.record-fields.wit meta.whitespace.wit
#         ^^^^ source.wit meta.interface-item.wit meta.record-item.wit meta.record-fields.wit entity.name.type.boolean.wit
#             ^ source.wit meta.interface-item.wit meta.record-item.wit meta.record-fields.wit punctuation.comma.wit
>      g: bool,
#^^^^^^ source.wit meta.interface-item.wit meta.record-item.wit meta.whitespace.wit
#      ^ source.wit meta.interface-item.wit meta.record-item.wit meta.record-fields.wit variable.declaration.id.record-fields.wit
#       ^ source.wit meta.interface-item.wit meta.record-item.wit meta.record-fields.wit keyword.operator.key-value.wit
#        ^ source.wit meta.interface-item.wit meta.record-item.wit meta.record-fields.wit meta.whitespace.wit
#         ^^^^ source.wit meta.interface-item.wit meta.record-item.wit meta.record-fields.wit entity.name.type.boolean.wit
#             ^ source.wit meta.interface-item.wit meta.record-item.wit meta.record-fields.wit punctuation.comma.wit
>      h: bool,
#^^^^^^ source.wit meta.interface-item.wit meta.record-item.wit meta.whitespace.wit
#      ^ source.wit meta.interface-item.wit meta.record-item.wit meta.record-fields.wit variable.declaration.id.record-fields.wit
#       ^ source.wit meta.interface-item.wit meta.record-item.wit meta.record-fields.wit keyword.operator.key-value.wit
#        ^ source.wit meta.interface-item.wit meta.record-item.wit meta.record-fields.wit meta.whitespace.wit
#         ^^^^ source.wit meta.interface-item.wit meta.record-item.wit meta.record-fields.wit entity.name.type.boolean.wit
#             ^ source.wit meta.interface-item.wit meta.record-item.wit meta.record-fields.wit punctuation.comma.wit
>      i: bool,
#^^^^^^ source.wit meta.interface-item.wit meta.record-item.wit meta.whitespace.wit
#      ^ source.wit meta.interface-item.wit meta.record-item.wit meta.record-fields.wit variable.declaration.id.record-fields.wit
#       ^ source.wit meta.interface-item.wit meta.record-item.wit meta.record-fields.wit keyword.operator.key-value.wit
#        ^ source.wit meta.interface-item.wit meta.record-item.wit meta.record-fields.wit meta.whitespace.wit
#         ^^^^ source.wit meta.interface-item.wit meta.record-item.wit meta.record-fields.wit entity.name.type.boolean.wit
#             ^ source.wit meta.interface-item.wit meta.record-item.wit meta.record-fields.wit punctuation.comma.wit
>  }
#^^ source.wit meta.interface-item.wit meta.record-item.wit meta.whitespace.wit
#  ^ source.wit meta.interface-item.wit meta.record-item.wit punctuation.brackets.curly.end.wit
>
>  flags-arg: func(x: really-flags);
#^^ source.wit meta.interface-item.wit meta.whitespace.wit
#  ^^^^^ source.wit meta.interface-item.wit meta.func-item.wit entity.name.function.id.func-item.wit meta.word.wit
#       ^ source.wit meta.interface-item.wit meta.func-item.wit entity.name.function.id.func-item.wit meta.word-separator.wit
#        ^^^ source.wit meta.interface-item.wit meta.func-item.wit entity.name.function.id.func-item.wit meta.word.wit
#           ^ source.wit meta.interface-item.wit meta.func-item.wit keyword.operator.key-value.wit
#            ^ source.wit meta.interface-item.wit meta.func-item.wit meta.whitespace.wit
#             ^^^^ source.wit meta.interface-item.wit meta.func-item.wit meta.function.wit keyword.other.func.func-type.wit
#                 ^ source.wit meta.interface-item.wit meta.func-item.wit meta.function.wit meta.param-list.wit punctuation.brackets.round.begin.wit
#                  ^ source.wit meta.interface-item.wit meta.func-item.wit meta.function.wit meta.param-list.wit meta.named-type-list.wit variable.parameter.id.named-type.wit
#                   ^ source.wit meta.interface-item.wit meta.func-item.wit meta.function.wit meta.param-list.wit meta.named-type-list.wit keyword.operator.key-value.wit
#                    ^ source.wit meta.interface-item.wit meta.func-item.wit meta.function.wit meta.param-list.wit meta.named-type-list.wit meta.whitespace.wit
#                     ^^^^^^^^^^^^ source.wit meta.interface-item.wit meta.func-item.wit meta.function.wit meta.param-list.wit meta.named-type-list.wit entity.name.type.id.wit
#                                 ^ source.wit meta.interface-item.wit meta.func-item.wit meta.function.wit meta.param-list.wit punctuation.brackets.round.end.wit
#                                  ^ source.wit meta.interface-item.wit meta.func-item.wit meta.function.wit
>  flags-result: func() -> really-flags;
#^^ source.wit meta.interface-item.wit meta.whitespace.wit
#  ^^^^^ source.wit meta.interface-item.wit meta.func-item.wit entity.name.function.id.func-item.wit meta.word.wit
#       ^ source.wit meta.interface-item.wit meta.func-item.wit entity.name.function.id.func-item.wit meta.word-separator.wit
#        ^^^^^^ source.wit meta.interface-item.wit meta.func-item.wit entity.name.function.id.func-item.wit meta.word.wit
#              ^ source.wit meta.interface-item.wit meta.func-item.wit keyword.operator.key-value.wit
#               ^ source.wit meta.interface-item.wit meta.func-item.wit meta.whitespace.wit
#                ^^^^ source.wit meta.interface-item.wit meta.func-item.wit meta.function.wit keyword.other.func.func-type.wit
#                    ^ source.wit meta.interface-item.wit meta.func-item.wit meta.function.wit meta.param-list.wit punctuation.brackets.round.begin.wit
#                     ^ source.wit meta.interface-item.wit meta.func-item.wit meta.function.wit meta.param-list.wit punctuation.brackets.round.end.wit
#                      ^ source.wit meta.interface-item.wit meta.func-item.wit meta.function.wit meta.whitespace.wit
#                       ^^ source.wit meta.interface-item.wit meta.func-item.wit meta.function.wit meta.result-list.wit keyword.operator.arrow.skinny.wit
#                         ^ source.wit meta.interface-item.wit meta.func-item.wit meta.function.wit meta.result-list.wit meta.whitespace.wit
#                          ^^^^^^^^^^^^ source.wit meta.interface-item.wit meta.func-item.wit meta.function.wit meta.result-list.wit entity.name.type.id.wit
#                                      ^ source.wit meta.interface-item.wit meta.func-item.wit meta.function.wit meta.result-list.wit
>
>  record aggregates {
#^^ source.wit meta.interface-item.wit meta.whitespace.wit
#  ^^^^^^ source.wit meta.interface-item.wit meta.record-item.wit keyword.declaration.record.record-item.wit
#        ^ source.wit meta.interface-item.wit meta.record-item.wit
#         ^^^^^^^^^^ source.wit meta.interface-item.wit meta.record-item.wit entity.name.type.id.record-item.wit
#                   ^ source.wit meta.interface-item.wit meta.record-item.wit
#                    ^ source.wit meta.interface-item.wit meta.record-item.wit punctuation.brackets.curly.begin.wit
>      a: scalars,
#^^^^^^ source.wit meta.interface-item.wit meta.record-item.wit meta.whitespace.wit
#      ^ source.wit meta.interface-item.wit meta.record-item.wit meta.record-fields.wit variable.declaration.id.record-fields.wit
#       ^ source.wit meta.interface-item.wit meta.record-item.wit meta.record-fields.wit keyword.operator.key-value.wit
#        ^ source.wit meta.interface-item.wit meta.record-item.wit meta.record-fields.wit meta.whitespace.wit
#         ^^^^^^^ source.wit meta.interface-item.wit meta.record-item.wit meta.record-fields.wit entity.name.type.id.wit
#                ^ source.wit meta.interface-item.wit meta.record-item.wit meta.record-fields.wit punctuation.comma.wit
>      b: u32,
#^^^^^^ source.wit meta.interface-item.wit meta.record-item.wit meta.whitespace.wit
#      ^ source.wit meta.interface-item.wit meta.record-item.wit meta.record-fields.wit variable.declaration.id.record-fields.wit
#       ^ source.wit meta.interface-item.wit meta.record-item.wit meta.record-fields.wit keyword.operator.key-value.wit
#        ^ source.wit meta.interface-item.wit meta.record-item.wit meta.record-fields.wit meta.whitespace.wit
#         ^^^ source.wit meta.interface-item.wit meta.record-item.wit meta.record-fields.wit entity.name.type.numeric.wit
#            ^ source.wit meta.interface-item.wit meta.record-item.wit meta.record-fields.wit punctuation.comma.wit
>      c: empty,
#^^^^^^ source.wit meta.interface-item.wit meta.record-item.wit meta.whitespace.wit
#      ^ source.wit meta.interface-item.wit meta.record-item.wit meta.record-fields.wit variable.declaration.id.record-fields.wit
#       ^ source.wit meta.interface-item.wit meta.record-item.wit meta.record-fields.wit keyword.operator.key-value.wit
#        ^ source.wit meta.interface-item.wit meta.record-item.wit meta.record-fields.wit meta.whitespace.wit
#         ^^^^^ source.wit meta.interface-item.wit meta.record-item.wit meta.record-fields.wit entity.name.type.id.wit
#              ^ source.wit meta.interface-item.wit meta.record-item.wit meta.record-fields.wit punctuation.comma.wit
>      d: string,
#^^^^^^ source.wit meta.interface-item.wit meta.record-item.wit meta.whitespace.wit
#      ^ source.wit meta.interface-item.wit meta.record-item.wit meta.record-fields.wit variable.declaration.id.record-fields.wit
#       ^ source.wit meta.interface-item.wit meta.record-item.wit meta.record-fields.wit keyword.operator.key-value.wit
#        ^ source.wit meta.interface-item.wit meta.record-item.wit meta.record-fields.wit meta.whitespace.wit
#         ^^^^^^ source.wit meta.interface-item.wit meta.record-item.wit meta.record-fields.wit entity.name.type.string.wit
#               ^ source.wit meta.interface-item.wit meta.record-item.wit meta.record-fields.wit punctuation.comma.wit
>      e: really-flags,
#^^^^^^ source.wit meta.interface-item.wit meta.record-item.wit meta.whitespace.wit
#      ^ source.wit meta.interface-item.wit meta.record-item.wit meta.record-fields.wit variable.declaration.id.record-fields.wit
#       ^ source.wit meta.interface-item.wit meta.record-item.wit meta.record-fields.wit keyword.operator.key-value.wit
#        ^ source.wit meta.interface-item.wit meta.record-item.wit meta.record-fields.wit meta.whitespace.wit
#         ^^^^^^^^^^^^ source.wit meta.interface-item.wit meta.record-item.wit meta.record-fields.wit entity.name.type.id.wit
#                     ^ source.wit meta.interface-item.wit meta.record-item.wit meta.record-fields.wit punctuation.comma.wit
>  }
#^^ source.wit meta.interface-item.wit meta.record-item.wit meta.whitespace.wit
#  ^ source.wit meta.interface-item.wit meta.record-item.wit punctuation.brackets.curly.end.wit
>
>  aggregate-arg: func(x: aggregates);
#^^ source.wit meta.interface-item.wit meta.whitespace.wit
#  ^^^^^^^^^ source.wit meta.interface-item.wit meta.func-item.wit entity.name.function.id.func-item.wit meta.word.wit
#           ^ source.wit meta.interface-item.wit meta.func-item.wit entity.name.function.id.func-item.wit meta.word-separator.wit
#            ^^^ source.wit meta.interface-item.wit meta.func-item.wit entity.name.function.id.func-item.wit meta.word.wit
#               ^ source.wit meta.interface-item.wit meta.func-item.wit keyword.operator.key-value.wit
#                ^ source.wit meta.interface-item.wit meta.func-item.wit meta.whitespace.wit
#                 ^^^^ source.wit meta.interface-item.wit meta.func-item.wit meta.function.wit keyword.other.func.func-type.wit
#                     ^ source.wit meta.interface-item.wit meta.func-item.wit meta.function.wit meta.param-list.wit punctuation.brackets.round.begin.wit
#                      ^ source.wit meta.interface-item.wit meta.func-item.wit meta.function.wit meta.param-list.wit meta.named-type-list.wit variable.parameter.id.named-type.wit
#                       ^ source.wit meta.interface-item.wit meta.func-item.wit meta.function.wit meta.param-list.wit meta.named-type-list.wit keyword.operator.key-value.wit
#                        ^ source.wit meta.interface-item.wit meta.func-item.wit meta.function.wit meta.param-list.wit meta.named-type-list.wit meta.whitespace.wit
#                         ^^^^^^^^^^ source.wit meta.interface-item.wit meta.func-item.wit meta.function.wit meta.param-list.wit meta.named-type-list.wit entity.name.type.id.wit
#                                   ^ source.wit meta.interface-item.wit meta.func-item.wit meta.function.wit meta.param-list.wit punctuation.brackets.round.end.wit
#                                    ^ source.wit meta.interface-item.wit meta.func-item.wit meta.function.wit
>  aggregate-result: func() -> aggregates;
#^^ source.wit meta.interface-item.wit meta.whitespace.wit
#  ^^^^^^^^^ source.wit meta.interface-item.wit meta.func-item.wit entity.name.function.id.func-item.wit meta.word.wit
#           ^ source.wit meta.interface-item.wit meta.func-item.wit entity.name.function.id.func-item.wit meta.word-separator.wit
#            ^^^^^^ source.wit meta.interface-item.wit meta.func-item.wit entity.name.function.id.func-item.wit meta.word.wit
#                  ^ source.wit meta.interface-item.wit meta.func-item.wit keyword.operator.key-value.wit
#                   ^ source.wit meta.interface-item.wit meta.func-item.wit meta.whitespace.wit
#                    ^^^^ source.wit meta.interface-item.wit meta.func-item.wit meta.function.wit keyword.other.func.func-type.wit
#                        ^ source.wit meta.interface-item.wit meta.func-item.wit meta.function.wit meta.param-list.wit punctuation.brackets.round.begin.wit
#                         ^ source.wit meta.interface-item.wit meta.func-item.wit meta.function.wit meta.param-list.wit punctuation.brackets.round.end.wit
#                          ^ source.wit meta.interface-item.wit meta.func-item.wit meta.function.wit meta.whitespace.wit
#                           ^^ source.wit meta.interface-item.wit meta.func-item.wit meta.function.wit meta.result-list.wit keyword.operator.arrow.skinny.wit
#                             ^ source.wit meta.interface-item.wit meta.func-item.wit meta.function.wit meta.result-list.wit meta.whitespace.wit
#                              ^^^^^^^^^^ source.wit meta.interface-item.wit meta.func-item.wit meta.function.wit meta.result-list.wit entity.name.type.id.wit
#                                        ^ source.wit meta.interface-item.wit meta.func-item.wit meta.function.wit meta.result-list.wit
>
>  type tuple-typedef = tuple<s32>;
#^^ source.wit meta.interface-item.wit meta.whitespace.wit
#  ^^^^ source.wit meta.interface-item.wit meta.type-item.wit keyword.declaration.type.type-item.wit storage.type.wit
#      ^ source.wit meta.interface-item.wit meta.type-item.wit
#       ^^^^^^^^^^^^^ source.wit meta.interface-item.wit meta.type-item.wit entity.name.type.id.type-item.wit
#                    ^ source.wit meta.interface-item.wit meta.type-item.wit
#                     ^ source.wit meta.interface-item.wit meta.type-item.wit punctuation.equal.wit
#                      ^ source.wit meta.interface-item.wit meta.type-item.wit meta.whitespace.wit
#                       ^^^^^ source.wit meta.interface-item.wit meta.type-item.wit meta.tuple.ty.wit entity.name.type.tuple.wit
#                            ^ source.wit meta.interface-item.wit meta.type-item.wit meta.tuple.ty.wit punctuation.brackets.angle.begin.wit
#                             ^^^ source.wit meta.interface-item.wit meta.type-item.wit meta.tuple.ty.wit entity.name.type.numeric.wit
#                                ^ source.wit meta.interface-item.wit meta.type-item.wit meta.tuple.ty.wit punctuation.brackets.angle.end.wit
#                                 ^ source.wit meta.interface-item.wit meta.type-item.wit
>  type int-typedef = s32;
#^^ source.wit meta.interface-item.wit meta.whitespace.wit
#  ^^^^ source.wit meta.interface-item.wit meta.type-item.wit keyword.declaration.type.type-item.wit storage.type.wit
#      ^ source.wit meta.interface-item.wit meta.type-item.wit
#       ^^^^^^^^^^^ source.wit meta.interface-item.wit meta.type-item.wit entity.name.type.id.type-item.wit
#                  ^ source.wit meta.interface-item.wit meta.type-item.wit
#                   ^ source.wit meta.interface-item.wit meta.type-item.wit punctuation.equal.wit
#                    ^ source.wit meta.interface-item.wit meta.type-item.wit meta.whitespace.wit
#                     ^^^ source.wit meta.interface-item.wit meta.type-item.wit entity.name.type.numeric.wit
#                        ^ source.wit meta.interface-item.wit meta.type-item.wit
>  type tuple-typedef2 = tuple<int-typedef>;
#^^ source.wit meta.interface-item.wit meta.whitespace.wit
#  ^^^^ source.wit meta.interface-item.wit meta.type-item.wit keyword.declaration.type.type-item.wit storage.type.wit
#      ^ source.wit meta.interface-item.wit meta.type-item.wit
#       ^^^^^^^^^^^^^^ source.wit meta.interface-item.wit meta.type-item.wit entity.name.type.id.type-item.wit
#                     ^ source.wit meta.interface-item.wit meta.type-item.wit
#                      ^ source.wit meta.interface-item.wit meta.type-item.wit punctuation.equal.wit
#                       ^ source.wit meta.interface-item.wit meta.type-item.wit meta.whitespace.wit
#                        ^^^^^ source.wit meta.interface-item.wit meta.type-item.wit meta.tuple.ty.wit entity.name.type.tuple.wit
#                             ^ source.wit meta.interface-item.wit meta.type-item.wit meta.tuple.ty.wit punctuation.brackets.angle.begin.wit
#                              ^^^^^^^^^^^ source.wit meta.interface-item.wit meta.type-item.wit meta.tuple.ty.wit entity.name.type.id.wit
#                                         ^ source.wit meta.interface-item.wit meta.type-item.wit meta.tuple.ty.wit punctuation.brackets.angle.end.wit
#                                          ^ source.wit meta.interface-item.wit meta.type-item.wit
>  typedef-inout: func(e: tuple-typedef2) -> s32;
#^^ source.wit meta.interface-item.wit meta.whitespace.wit
#  ^^^^^^^ source.wit meta.interface-item.wit meta.func-item.wit entity.name.function.id.func-item.wit meta.word.wit
#         ^ source.wit meta.interface-item.wit meta.func-item.wit entity.name.function.id.func-item.wit meta.word-separator.wit
#          ^^^^^ source.wit meta.interface-item.wit meta.func-item.wit entity.name.function.id.func-item.wit meta.word.wit
#               ^ source.wit meta.interface-item.wit meta.func-item.wit keyword.operator.key-value.wit
#                ^ source.wit meta.interface-item.wit meta.func-item.wit meta.whitespace.wit
#                 ^^^^ source.wit meta.interface-item.wit meta.func-item.wit meta.function.wit keyword.other.func.func-type.wit
#                     ^ source.wit meta.interface-item.wit meta.func-item.wit meta.function.wit meta.param-list.wit punctuation.brackets.round.begin.wit
#                      ^ source.wit meta.interface-item.wit meta.func-item.wit meta.function.wit meta.param-list.wit meta.named-type-list.wit variable.parameter.id.named-type.wit
#                       ^ source.wit meta.interface-item.wit meta.func-item.wit meta.function.wit meta.param-list.wit meta.named-type-list.wit keyword.operator.key-value.wit
#                        ^ source.wit meta.interface-item.wit meta.func-item.wit meta.function.wit meta.param-list.wit meta.named-type-list.wit meta.whitespace.wit
#                         ^^^^^^^^^^^^^^ source.wit meta.interface-item.wit meta.func-item.wit meta.function.wit meta.param-list.wit meta.named-type-list.wit entity.name.type.id.wit
#                                       ^ source.wit meta.interface-item.wit meta.func-item.wit meta.function.wit meta.param-list.wit punctuation.brackets.round.end.wit
#                                        ^ source.wit meta.interface-item.wit meta.func-item.wit meta.function.wit meta.whitespace.wit
#                                         ^^ source.wit meta.interface-item.wit meta.func-item.wit meta.function.wit meta.result-list.wit keyword.operator.arrow.skinny.wit
#                                           ^ source.wit meta.interface-item.wit meta.func-item.wit meta.function.wit meta.result-list.wit meta.whitespace.wit
#                                            ^^^ source.wit meta.interface-item.wit meta.func-item.wit meta.function.wit meta.result-list.wit entity.name.type.numeric.wit
#                                               ^ source.wit meta.interface-item.wit meta.func-item.wit meta.function.wit meta.result-list.wit
>}
#^ source.wit meta.interface-item.wit punctuation.brackets.curly.end.wit
>
>world the-world {
#^^^^^ source.wit meta.world-item.wit keyword.declaration.world.world-item.wit storage.type.wit
#     ^ source.wit meta.world-item.wit
#      ^^^^^^^^^ source.wit meta.world-item.wit entity.name.type.id.world-item.wit
#               ^ source.wit meta.world-item.wit
#                ^ source.wit meta.world-item.wit punctuation.brackets.curly.begin.wit
>  import records;
#^^ source.wit meta.world-item.wit meta.whitespace.wit
#  ^^^^^^ source.wit meta.world-item.wit meta.import-item.wit keyword.control.import.import-item.wit
#        ^ source.wit meta.world-item.wit meta.import-item.wit
#         ^^^^^^^ source.wit meta.world-item.wit meta.import-item.wit meta.id.import-item.wit variable.other.id.import-item.wit
#                ^ source.wit meta.world-item.wit meta.import-item.wit meta.id.import-item.wit
>  export records;
#^^ source.wit meta.world-item.wit meta.whitespace.wit
#  ^^^^^^ source.wit meta.world-item.wit meta.export-item.wit keyword.control.export.export-item.wit
#        ^ source.wit meta.world-item.wit meta.export-item.wit
#         ^^^^^^^ source.wit meta.world-item.wit meta.export-item.wit meta.id.export-item.wit variable.other.constant.id.export-item.wit
#                ^ source.wit meta.world-item.wit meta.export-item.wit meta.id.export-item.wit
>}
#^ source.wit meta.world-item.wit punctuation.brackets.curly.end.wit
>