>package my:resources
#^^^^^^^ source.wit meta.package-decl.wit storage.modifier.package-decl.wit
#       ^ source.wit meta.package-decl.wit
#        ^^ source.wit meta.package-decl.wit meta.id.package-decl.wit meta.package-identifier.wit entity.name.namespace.package-identifier.wit entity.name.type.id.wit
#          ^ source.wit meta.package-decl.wit meta.id.package-decl.wit meta.package-identifier.wit keyword.operator.namespace.package-identifier.wit
#           ^^^^^^^^^ source.wit meta.package-decl.wit meta.id.package-decl.wit meta.package-identifier.wit entity.name.type.package-identifier.wit entity.name.type.id.wit
>
>interface aggregates {
#^^^^^^^^^ source.wit meta.interface-item.wit keyword.declaration.interface.interface-item.wit storage.type.wit
#         ^ source.wit meta.interface-item.wit
#          ^^^^^^^^^^ source.wit meta.interface-item.wit entity.name.type.id.interface-item.wit
#                    ^ source.wit meta.interface-item.wit
#                     ^ source.wit meta.interface-item.wit punctuation.brackets.curly.begin.wit
>  resource z
#^^ source.wit meta.interface-item.wit meta.whitespace.wit
#  ^^^^^^^^ source.wit meta.interface-item.wit meta.resource-item.wit keyword.other.resource.wit
#          ^ source.wit meta.interface-item.wit meta.resource-item.wit
#           ^ source.wit meta.interface-item.wit meta.resource-item.wit entity.name.type.id.resource.wit
>
>  record r1 {
#^^ source.wit meta.interface-item.wit meta.whitespace.wit
#  ^^^^^^ source.wit meta.interface-item.wit meta.record-item.wit keyword.declaration.record.record-item.wit
#        ^ source.wit meta.interface-item.wit meta.record-item.wit
#         ^^ source.wit meta.interface-item.wit meta.record-item.wit entity.name.type.id.record-item.wit
#           ^ source.wit meta.interface-item.wit meta.record-item.wit
#            ^ source.wit meta.interface-item.wit meta.record-item.wit punctuation.brackets.curly.begin.wit
>    z: z
#^^^^ source.wit meta.interface-item.wit meta.record-item.wit meta.whitespace.wit
#    ^ source.wit meta.interface-item.wit meta.record-item.wit meta.record-fields.wit variable.declaration.id.record-fields.wit
#     ^ source.wit meta.interface-item.wit meta.record-item.wit meta.record-fields.wit keyword.operator.key-value.wit
#      ^ source.wit meta.interface-item.wit meta.record-item.wit meta.record-fields.wit meta.whitespace.wit
#       ^ source.wit meta.interface-item.wit meta.record-item.wit meta.record-fields.wit entity.name.type.id.wit
>  }
#^^ source.wit meta.interface-item.wit meta.record-item.wit meta.record-fields.wit meta.whitespace.wit
#  ^ source.wit meta.interface-item.wit meta.record-item.wit punctuation.brackets.curly.end.wit
>  record r2 {
#^^ source.wit meta.interface-item.wit meta.whitespace.wit
#  ^^^^^^ source.wit meta.interface-item.wit meta.record-item.wit keyword.declaration.record.record-item.wit
#        ^ source.wit meta.interface-item.wit meta.record-item.wit
#         ^^ source.wit meta.interface-item.wit meta.record-item.wit entity.name.type.id.record-item.wit
#           ^ source.wit meta.interface-item.wit meta.record-item.wit
#            ^ source.wit meta.interface-item.wit meta.record-item.wit punctuation.brackets.curly.begin.wit
>    z: borrow<z>
#^^^^ source.wit meta.interface-item.wit meta.record-item.wit meta.whitespace.wit
#    ^ source.wit meta.interface-item.wit meta.record-item.wit meta.record-fields.wit variable.declaration.id.record-fields.wit
#     ^ source.wit meta.interface-item.wit meta.record-item.wit meta.record-fields.wit keyword.operator.key-value.wit
#      ^ source.wit meta.interface-item.wit meta.record-item.wit meta.record-fields.wit meta.whitespace.wit
#       ^^^^^^ source.wit meta.interface-item.wit meta.record-item.wit meta.record-fields.wit meta.handle.ty.wit entity.name.type.borrow.handle.wit
#             ^ source.wit meta.interface-item.wit meta.record-item.wit meta.record-fields.wit meta.handle.ty.wit punctuation.brackets.angle.begin.wit
#              ^ source.wit meta.interface-item.wit meta.record-item.wit meta.record-fields.wit meta.handle.ty.wit entity.name.type.id.handle.wit
#               ^ source.wit meta.interface-item.wit meta.record-item.wit meta.record-fields.wit meta.handle.ty.wit punctuation.brackets.angle.end.wit
>  }
#^^ source.wit meta.interface-item.wit meta.record-item.wit meta.record-fields.wit meta.whitespace.wit
#  ^ source.wit meta.interface-item.wit meta.record-item.wit punctuation.brackets.curly.end.wit
>  record r3 {
#^^ source.wit meta.interface-item.wit meta.whitespace.wit
#  ^^^^^^ source.wit meta.interface-item.wit meta.record-item.wit keyword.declaration.record.record-item.wit
#        ^ source.wit meta.interface-item.wit meta.record-item.wit
#         ^^ source.wit meta.interface-item.wit meta.record-item.wit entity.name.type.id.record-item.wit
#           ^ source.wit meta.interface-item.wit meta.record-item.wit
#            ^ source.wit meta.interface-item.wit meta.record-item.wit punctuation.brackets.curly.begin.wit
>    z1: borrow<z>,
#^^^^ source.wit meta.interface-item.wit meta.record-item.wit meta.whitespace.wit
#    ^^ source.wit meta.interface-item.wit meta.record-item.wit meta.record-fields.wit variable.declaration.id.record-fields.wit
#      ^ source.wit meta.interface-item.wit meta.record-item.wit meta.record-fields.wit keyword.operator.key-value.wit
#       ^ source.wit meta.interface-item.wit meta.record-item.wit meta.record-fields.wit meta.whitespace.wit
#        ^^^^^^ source.wit meta.interface-item.wit meta.record-item.wit meta.record-fields.wit meta.handle.ty.wit entity.name.type.borrow.handle.wit
#              ^ source.wit meta.interface-item.wit meta.record-item.wit meta.record-fields.wit meta.handle.ty.wit punctuation.brackets.angle.begin.wit
#               ^ source.wit meta.interface-item.wit meta.record-item.wit meta.record-fields.wit meta.handle.ty.wit entity.name.type.id.handle.wit
#                ^ source.wit meta.interface-item.wit meta.record-item.wit meta.record-fields.wit meta.handle.ty.wit punctuation.brackets.angle.end.wit
#                 ^ source.wit meta.interface-item.wit meta.record-item.wit meta.record-fields.wit punctuation.comma.wit
>    z2: z,
#^^^^ source.wit meta.interface-item.wit meta.record-item.wit meta.whitespace.wit
#    ^^ source.wit meta.interface-item.wit meta.record-item.wit meta.record-fields.wit variable.declaration.id.record-fields.wit
#      ^ source.wit meta.interface-item.wit meta.record-item.wit meta.record-fields.wit keyword.operator.key-value.wit
#       ^ source.wit meta.interface-item.wit meta.record-item.wit meta.record-fields.wit meta.whitespace.wit
#        ^ source.wit meta.interface-item.wit meta.record-item.wit meta.record-fields.wit entity.name.type.id.wit
#         ^ source.wit meta.interface-item.wit meta.record-item.wit meta.record-fields.wit punctuation.comma.wit
>  }
#^^ source.wit meta.interface-item.wit meta.record-item.wit meta.whitespace.wit
#  ^ source.wit meta.interface-item.wit meta.record-item.wit punctuation.brackets.curly.end.wit
>  type t1 = tuple<z, r1>
#^^ source.wit meta.interface-item.wit meta.whitespace.wit
#  ^^^^ source.wit meta.interface-item.wit meta.type-item.wit keyword.declaration.type.type-item.wit storage.type.wit
#      ^ source.wit meta.interface-item.wit meta.type-item.wit
#       ^^ source.wit meta.interface-item.wit meta.type-item.wit entity.name.type.id.type-item.wit
#         ^ source.wit meta.interface-item.wit meta.type-item.wit
#          ^ source.wit meta.interface-item.wit meta.type-item.wit punctuation.equal.wit
#           ^ source.wit meta.interface-item.wit meta.type-item.wit meta.whitespace.wit
#            ^^^^^ source.wit meta.interface-item.wit meta.type-item.wit meta.tuple.ty.wit entity.name.type.tuple.wit
#                 ^ source.wit meta.interface-item.wit meta.type-item.wit meta.tuple.ty.wit punctuation.brackets.angle.begin.wit
#                  ^ source.wit meta.interface-item.wit meta.type-item.wit meta.tuple.ty.wit entity.name.type.id.wit
#                   ^ source.wit meta.interface-item.wit meta.type-item.wit meta.tuple.ty.wit punctuation.comma.wit
#                    ^ source.wit meta.interface-item.wit meta.type-item.wit meta.tuple.ty.wit meta.whitespace.wit
#                     ^^ source.wit meta.interface-item.wit meta.type-item.wit meta.tuple.ty.wit entity.name.type.id.wit
#                       ^ source.wit meta.interface-item.wit meta.type-item.wit meta.tuple.ty.wit punctuation.brackets.angle.end.wit
>  type t2 = tuple<borrow<z>>
#^^ source.wit meta.interface-item.wit meta.whitespace.wit
#  ^^^^ source.wit meta.interface-item.wit meta.type-item.wit keyword.declaration.type.type-item.wit storage.type.wit
#      ^ source.wit meta.interface-item.wit meta.type-item.wit
#       ^^ source.wit meta.interface-item.wit meta.type-item.wit entity.name.type.id.type-item.wit
#         ^ source.wit meta.interface-item.wit meta.type-item.wit
#          ^ source.wit meta.interface-item.wit meta.type-item.wit punctuation.equal.wit
#           ^ source.wit meta.interface-item.wit meta.type-item.wit meta.whitespace.wit
#            ^^^^^ source.wit meta.interface-item.wit meta.type-item.wit meta.tuple.ty.wit entity.name.type.tuple.wit
#                 ^ source.wit meta.interface-item.wit meta.type-item.wit meta.tuple.ty.wit punctuation.brackets.angle.begin.wit
#                  ^^^^^^ source.wit meta.interface-item.wit meta.type-item.wit meta.tuple.ty.wit meta.handle.ty.wit entity.name.type.borrow.handle.wit
#                        ^ source.wit meta.interface-item.wit meta.type-item.wit meta.tuple.ty.wit meta.handle.ty.wit punctuation.brackets.angle.begin.wit
#                         ^ source.wit meta.interface-item.wit meta.type-item.wit meta.tuple.ty.wit meta.handle.ty.wit entity.name.type.id.handle.wit
#                          ^ source.wit meta.interface-item.wit meta.type-item.wit meta.tuple.ty.wit meta.handle.ty.wit punctuation.brackets.angle.end.wit
#                           ^ source.wit meta.interface-item.wit meta.type-item.wit meta.tuple.ty.wit punctuation.brackets.angle.end.wit
>
>  variant v1 {
#^^ source.wit meta.interface-item.wit meta.whitespace.wit
#  ^^^^^^^ source.wit meta.interface-item.wit meta.variant.wit keyword.other.variant.wit
#         ^ source.wit meta.interface-item.wit meta.variant.wit
#          ^^ source.wit meta.interface-item.wit meta.variant.wit entity.name.type.id.variant.wit
#            ^ source.wit meta.interface-item.wit meta.variant.wit
#             ^ source.wit meta.interface-item.wit meta.variant.wit punctuation.brackets.curly.begin.wit
>    z(z),
#^^^^ source.wit meta.interface-item.wit meta.variant.wit meta.whitespace.wit
#    ^ source.wit meta.interface-item.wit meta.variant.wit meta.variant-cases.wit variable.other.enummember.id.variant-cases.wit
#     ^ source.wit meta.interface-item.wit meta.variant.wit meta.variant-cases.wit punctuation.brackets.round.begin.wit
#      ^ source.wit meta.interface-item.wit meta.variant.wit meta.variant-cases.wit entity.name.type.id.wit
#       ^ source.wit meta.interface-item.wit meta.variant.wit meta.variant-cases.wit punctuation.brackets.round.end.wit
#        ^ source.wit meta.interface-item.wit meta.variant.wit meta.variant-cases.wit punctuation.comma.wit
>  }
#^^ source.wit meta.interface-item.wit meta.variant.wit meta.whitespace.wit
#  ^ source.wit meta.interface-item.wit meta.variant.wit punctuation.brackets.curly.end.wit
>  variant v2 {
#^^ source.wit meta.interface-item.wit meta.whitespace.wit
#  ^^^^^^^ source.wit meta.interface-item.wit meta.variant.wit keyword.other.variant.wit
#         ^ source.wit meta.interface-item.wit meta.variant.wit
#          ^^ source.wit meta.interface-item.wit meta.variant.wit entity.name.type.id.variant.wit
#            ^ source.wit meta.interface-item.wit meta.variant.wit
#             ^ source.wit meta.interface-item.wit meta.variant.wit punctuation.brackets.curly.begin.wit
>    z(borrow<z>),
#^^^^ source.wit meta.interface-item.wit meta.variant.wit meta.whitespace.wit
#    ^ source.wit meta.interface-item.wit meta.variant.wit meta.variant-cases.wit variable.other.enummember.id.variant-cases.wit
#     ^ source.wit meta.interface-item.wit meta.variant.wit meta.variant-cases.wit punctuation.brackets.round.begin.wit
#      ^^^^^^ source.wit meta.interface-item.wit meta.variant.wit meta.variant-cases.wit meta.handle.ty.wit entity.name.type.borrow.handle.wit
#            ^ source.wit meta.interface-item.wit meta.variant.wit meta.variant-cases.wit meta.handle.ty.wit punctuation.brackets.angle.begin.wit
#             ^ source.wit meta.interface-item.wit meta.variant.wit meta.variant-cases.wit meta.handle.ty.wit entity.name.type.id.handle.wit
#              ^ source.wit meta.interface-item.wit meta.variant.wit meta.variant-cases.wit meta.handle.ty.wit punctuation.brackets.angle.end.wit
#               ^ source.wit meta.interface-item.wit meta.variant.wit meta.variant-cases.wit punctuation.brackets.round.end.wit
#                ^ source.wit meta.interface-item.wit meta.variant.wit meta.variant-cases.wit punctuation.comma.wit
>  }
#^^ source.wit meta.interface-item.wit meta.variant.wit meta.whitespace.wit
#  ^ source.wit meta.interface-item.wit meta.variant.wit punctuation.brackets.curly.end.wit
>
>  type l1 = list<z>
#^^ source.wit meta.interface-item.wit meta.whitespace.wit
#  ^^^^ source.wit meta.interface-item.wit meta.type-item.wit keyword.declaration.type.type-item.wit storage.type.wit
#      ^ source.wit meta.interface-item.wit meta.type-item.wit
#       ^^ source.wit meta.interface-item.wit meta.type-item.wit entity.name.type.id.type-item.wit
#         ^ source.wit meta.interface-item.wit meta.type-item.wit
#          ^ source.wit meta.interface-item.wit meta.type-item.wit punctuation.equal.wit
#           ^ source.wit meta.interface-item.wit meta.type-item.wit meta.whitespace.wit
#            ^^^^ source.wit meta.interface-item.wit meta.type-item.wit meta.list.ty.wit entity.name.type.list.wit
#                ^ source.wit meta.interface-item.wit meta.type-item.wit meta.list.ty.wit punctuation.brackets.angle.begin.wit
#                 ^ source.wit meta.interface-item.wit meta.type-item.wit meta.list.ty.wit entity.name.type.id.wit
#                  ^ source.wit meta.interface-item.wit meta.type-item.wit meta.list.ty.wit punctuation.brackets.angle.end.wit
>  type l2 = list<borrow<z>>
#^^ source.wit meta.interface-item.wit meta.whitespace.wit
#  ^^^^ source.wit meta.interface-item.wit meta.type-item.wit keyword.declaration.type.type-item.wit storage.type.wit
#      ^ source.wit meta.interface-item.wit meta.type-item.wit
#       ^^ source.wit meta.interface-item.wit meta.type-item.wit entity.name.type.id.type-item.wit
#         ^ source.wit meta.interface-item.wit meta.type-item.wit
#          ^ source.wit meta.interface-item.wit meta.type-item.wit punctuation.equal.wit
#           ^ source.wit meta.interface-item.wit meta.type-item.wit meta.whitespace.wit
#            ^^^^ source.wit meta.interface-item.wit meta.type-item.wit meta.list.ty.wit entity.name.type.list.wit
#                ^ source.wit meta.interface-item.wit meta.type-item.wit meta.list.ty.wit punctuation.brackets.angle.begin.wit
#                 ^^^^^^ source.wit meta.interface-item.wit meta.type-item.wit meta.list.ty.wit meta.handle.ty.wit entity.name.type.borrow.handle.wit
#                       ^ source.wit meta.interface-item.wit meta.type-item.wit meta.list.ty.wit meta.handle.ty.wit punctuation.brackets.angle.begin.wit
#                        ^ source.wit meta.interface-item.wit meta.type-item.wit meta.list.ty.wit meta.handle.ty.wit entity.name.type.id.handle.wit
#                         ^ source.wit meta.interface-item.wit meta.type-item.wit meta.list.ty.wit meta.handle.ty.wit punctuation.brackets.angle.end.wit
#                          ^ source.wit meta.interface-item.wit meta.type-item.wit meta.list.ty.wit punctuation.brackets.angle.end.wit
>
>  f: func(
#^^ source.wit meta.interface-item.wit meta.whitespace.wit
#  ^ source.wit meta.interface-item.wit meta.func-item.wit entity.name.function.id.func-item.wit meta.word.wit
#   ^ source.wit meta.interface-item.wit meta.func-item.wit keyword.operator.key-value.wit
#    ^ source.wit meta.interface-item.wit meta.func-item.wit meta.whitespace.wit
#     ^^^^ source.wit meta.interface-item.wit meta.func-item.wit meta.function.wit keyword.other.func.func-type.wit
#         ^ source.wit meta.interface-item.wit meta.func-item.wit meta.function.wit meta.param-list.wit punctuation.brackets.round.begin.wit
>    r1: r1,
#^^^^ source.wit meta.interface-item.wit meta.func-item.wit meta.function.wit meta.param-list.wit meta.whitespace.wit
#    ^^ source.wit meta.interface-item.wit meta.func-item.wit meta.function.wit meta.param-list.wit meta.named-type-list.wit variable.parameter.id.named-type.wit
#      ^ source.wit meta.interface-item.wit meta.func-item.wit meta.function.wit meta.param-list.wit meta.named-type-list.wit keyword.operator.key-value.wit
#       ^ source.wit meta.interface-item.wit meta.func-item.wit meta.function.wit meta.param-list.wit meta.named-type-list.wit meta.whitespace.wit
#        ^^ source.wit meta.interface-item.wit meta.func-item.wit meta.function.wit meta.param-list.wit meta.named-type-list.wit entity.name.type.id.wit
#          ^ source.wit meta.interface-item.wit meta.func-item.wit meta.function.wit meta.param-list.wit meta.named-type-list.wit punctuation.comma.wit
>    r2: r2,
#^^^^ source.wit meta.interface-item.wit meta.func-item.wit meta.function.wit meta.param-list.wit meta.whitespace.wit
#    ^^ source.wit meta.interface-item.wit meta.func-item.wit meta.function.wit meta.param-list.wit meta.named-type-list.wit variable.parameter.id.named-type.wit
#      ^ source.wit meta.interface-item.wit meta.func-item.wit meta.function.wit meta.param-list.wit meta.named-type-list.wit keyword.operator.key-value.wit
#       ^ source.wit meta.interface-item.wit meta.func-item.wit meta.function.wit meta.param-list.wit meta.named-type-list.wit meta.whitespace.wit
#        ^^ source.wit meta.interface-item.wit meta.func-item.wit meta.function.wit meta.param-list.wit meta.named-type-list.wit entity.name.type.id.wit
#          ^ source.wit meta.interface-item.wit meta.func-item.wit meta.function.wit meta.param-list.wit meta.named-type-list.wit punctuation.comma.wit
>    r3: r3,
#^^^^ source.wit meta.interface-item.wit meta.func-item.wit meta.function.wit meta.param-list.wit meta.whitespace.wit
#    ^^ source.wit meta.interface-item.wit meta.func-item.wit meta.function.wit meta.param-list.wit meta.named-type-list.wit variable.parameter.id.named-type.wit
#      ^ source.wit meta.interface-item.wit meta.func-item.wit meta.function.wit meta.param-list.wit meta.named-type-list.wit keyword.operator.key-value.wit
#       ^ source.wit meta.interface-item.wit meta.func-item.wit meta.function.wit meta.param-list.wit meta.named-type-list.wit meta.whitespace.wit
#        ^^ source.wit meta.interface-item.wit meta.func-item.wit meta.function.wit meta.param-list.wit meta.named-type-list.wit entity.name.type.id.wit
#          ^ source.wit meta.interface-item.wit meta.func-item.wit meta.function.wit meta.param-list.wit meta.named-type-list.wit punctuation.comma.wit
>    t1: t1,
#^^^^ source.wit meta.interface-item.wit meta.func-item.wit meta.function.wit meta.param-list.wit meta.whitespace.wit
#    ^^ source.wit meta.interface-item.wit meta.func-item.wit meta.function.wit meta.param-list.wit meta.named-type-list.wit variable.parameter.id.named-type.wit
#      ^ source.wit meta.interface-item.wit meta.func-item.wit meta.function.wit meta.param-list.wit meta.named-type-list.wit keyword.operator.key-value.wit
#       ^ source.wit meta.interface-item.wit meta.func-item.wit meta.function.wit meta.param-list.wit meta.named-type-list.wit meta.whitespace.wit
#        ^^ source.wit meta.interface-item.wit meta.func-item.wit meta.function.wit meta.param-list.wit meta.named-type-list.wit entity.name.type.id.wit
#          ^ source.wit meta.interface-item.wit meta.func-item.wit meta.function.wit meta.param-list.wit meta.named-type-list.wit punctuation.comma.wit
>    t2: t2,
#^^^^ source.wit meta.interface-item.wit meta.func-item.wit meta.function.wit meta.param-list.wit meta.whitespace.wit
#    ^^ source.wit meta.interface-item.wit meta.func-item.wit meta.function.wit meta.param-list.wit meta.named-type-list.wit variable.parameter.id.named-type.wit
#      ^ source.wit meta.interface-item.wit meta.func-item.wit meta.function.wit meta.param-list.wit meta.named-type-list.wit keyword.operator.key-value.wit
#       ^ source.wit meta.interface-item.wit meta.func-item.wit meta.function.wit meta.param-list.wit meta.named-type-list.wit meta.whitespace.wit
#        ^^ source.wit meta.interface-item.wit meta.func-item.wit meta.function.wit meta.param-list.wit meta.named-type-list.wit entity.name.type.id.wit
#          ^ source.wit meta.interface-item.wit meta.func-item.wit meta.function.wit meta.param-list.wit meta.named-type-list.wit punctuation.comma.wit
>    v1: v1,
#^^^^ source.wit meta.interface-item.wit meta.func-item.wit meta.function.wit meta.param-list.wit meta.whitespace.wit
#    ^^ source.wit meta.interface-item.wit meta.func-item.wit meta.function.wit meta.param-list.wit meta.named-type-list.wit variable.parameter.id.named-type.wit
#      ^ source.wit meta.interface-item.wit meta.func-item.wit meta.function.wit meta.param-list.wit meta.named-type-list.wit keyword.operator.key-value.wit
#       ^ source.wit meta.interface-item.wit meta.func-item.wit meta.function.wit meta.param-list.wit meta.named-type-list.wit meta.whitespace.wit
#        ^^ source.wit meta.interface-item.wit meta.func-item.wit meta.function.wit meta.param-list.wit meta.named-type-list.wit entity.name.type.id.wit
#          ^ source.wit meta.interface-item.wit meta.func-item.wit meta.function.wit meta.param-list.wit meta.named-type-list.wit punctuation.comma.wit
>    v2: v2,
#^^^^ source.wit meta.interface-item.wit meta.func-item.wit meta.function.wit meta.param-list.wit meta.whitespace.wit
#    ^^ source.wit meta.interface-item.wit meta.func-item.wit meta.function.wit meta.param-list.wit meta.named-type-list.wit variable.parameter.id.named-type.wit
#      ^ source.wit meta.interface-item.wit meta.func-item.wit meta.function.wit meta.param-list.wit meta.named-type-list.wit keyword.operator.key-value.wit
#       ^ source.wit meta.interface-item.wit meta.func-item.wit meta.function.wit meta.param-list.wit meta.named-type-list.wit meta.whitespace.wit
#        ^^ source.wit meta.interface-item.wit meta.func-item.wit meta.function.wit meta.param-list.wit meta.named-type-list.wit entity.name.type.id.wit
#          ^ source.wit meta.interface-item.wit meta.func-item.wit meta.function.wit meta.param-list.wit meta.named-type-list.wit punctuation.comma.wit
>    l1: l1,
#^^^^ source.wit meta.interface-item.wit meta.func-item.wit meta.function.wit meta.param-list.wit meta.whitespace.wit
#    ^^ source.wit meta.interface-item.wit meta.func-item.wit meta.function.wit meta.param-list.wit meta.named-type-list.wit variable.parameter.id.named-type.wit
#      ^ source.wit meta.interface-item.wit meta.func-item.wit meta.function.wit meta.param-list.wit meta.named-type-list.wit keyword.operator.key-value.wit
#       ^ source.wit meta.interface-item.wit meta.func-item.wit meta.function.wit meta.param-list.wit meta.named-type-list.wit meta.whitespace.wit
#        ^^ source.wit meta.interface-item.wit meta.func-item.wit meta.function.wit meta.param-list.wit meta.named-type-list.wit entity.name.type.id.wit
#          ^ source.wit meta.interface-item.wit meta.func-item.wit meta.function.wit meta.param-list.wit meta.named-type-list.wit punctuation.comma.wit
>    l2: l2,
#^^^^ source.wit meta.interface-item.wit meta.func-item.wit meta.function.wit meta.param-list.wit meta.whitespace.wit
#    ^^ source.wit meta.interface-item.wit meta.func-item.wit meta.function.wit meta.param-list.wit meta.named-type-list.wit variable.parameter.id.named-type.wit
#      ^ source.wit meta.interface-item.wit meta.func-item.wit meta.function.wit meta.param-list.wit meta.named-type-list.wit keyword.operator.key-value.wit
#       ^ source.wit meta.interface-item.wit meta.func-item.wit meta.function.wit meta.param-list.wit meta.named-type-list.wit meta.whitespace.wit
#        ^^ source.wit meta.interface-item.wit meta.func-item.wit meta.function.wit meta.param-list.wit meta.named-type-list.wit entity.name.type.id.wit
#          ^ source.wit meta.interface-item.wit meta.func-item.wit meta.function.wit meta.param-list.wit meta.named-type-list.wit punctuation.comma.wit
>    o1: option<z>,
#^^^^ source.wit meta.interface-item.wit meta.func-item.wit meta.function.wit meta.param-list.wit meta.whitespace.wit
#    ^^ source.wit meta.interface-item.wit meta.func-item.wit meta.function.wit meta.param-list.wit meta.named-type-list.wit variable.parameter.id.named-type.wit
#      ^ source.wit meta.interface-item.wit meta.func-item.wit meta.function.wit meta.param-list.wit meta.named-type-list.wit keyword.operator.key-value.wit
#       ^ source.wit meta.interface-item.wit meta.func-item.wit meta.function.wit meta.param-list.wit meta.named-type-list.wit meta.whitespace.wit
#        ^^^^^^ source.wit meta.interface-item.wit meta.func-item.wit meta.function.wit meta.param-list.wit meta.named-type-list.wit meta.option.ty.wit entity.name.type.option.wit
#              ^ source.wit meta.interface-item.wit meta.func-item.wit meta.function.wit meta.param-list.wit meta.named-type-list.wit meta.option.ty.wit punctuation.brackets.angle.begin.wit
#               ^ source.wit meta.interface-item.wit meta.func-item.wit meta.function.wit meta.param-list.wit meta.named-type-list.wit meta.option.ty.wit entity.name.type.id.wit
#                ^ source.wit meta.interface-item.wit meta.func-item.wit meta.function.wit meta.param-list.wit meta.named-type-list.wit meta.option.ty.wit punctuation.brackets.angle.end.wit
#                 ^ source.wit meta.interface-item.wit meta.func-item.wit meta.function.wit meta.param-list.wit meta.named-type-list.wit punctuation.comma.wit
>    o2: option<borrow<z>>,
#^^^^ source.wit meta.interface-item.wit meta.func-item.wit meta.function.wit meta.param-list.wit meta.whitespace.wit
#    ^^ source.wit meta.interface-item.wit meta.func-item.wit meta.function.wit meta.param-list.wit meta.named-type-list.wit variable.parameter.id.named-type.wit
#      ^ source.wit meta.interface-item.wit meta.func-item.wit meta.function.wit meta.param-list.wit meta.named-type-list.wit keyword.operator.key-value.wit
#       ^ source.wit meta.interface-item.wit meta.func-item.wit meta.function.wit meta.param-list.wit meta.named-type-list.wit meta.whitespace.wit
#        ^^^^^^ source.wit meta.interface-item.wit meta.func-item.wit meta.function.wit meta.param-list.wit meta.named-type-list.wit meta.option.ty.wit entity.name.type.option.wit
#              ^ source.wit meta.interface-item.wit meta.func-item.wit meta.function.wit meta.param-list.wit meta.named-type-list.wit meta.option.ty.wit punctuation.brackets.angle.begin.wit
#               ^^^^^^ source.wit meta.interface-item.wit meta.func-item.wit meta.function.wit meta.param-list.wit meta.named-type-list.wit meta.option.ty.wit meta.handle.ty.wit entity.name.type.borrow.handle.wit
#                     ^ source.wit meta.interface-item.wit meta.func-item.wit meta.function.wit meta.param-list.wit meta.named-type-list.wit meta.option.ty.wit meta.handle.ty.wit punctuation.brackets.angle.begin.wit
#                      ^ source.wit meta.interface-item.wit meta.func-item.wit meta.function.wit meta.param-list.wit meta.named-type-list.wit meta.option.ty.wit meta.handle.ty.wit entity.name.type.id.handle.wit
#                       ^ source.wit meta.interface-item.wit meta.func-item.wit meta.function.wit meta.param-list.wit meta.named-type-list.wit meta.option.ty.wit meta.handle.ty.wit punctuation.brackets.angle.end.wit
#                        ^ source.wit meta.interface-item.wit meta.func-item.wit meta.function.wit meta.param-list.wit meta.named-type-list.wit meta.option.ty.wit punctuation.brackets.angle.end.wit
#                         ^ source.wit meta.interface-item.wit meta.func-item.wit meta.function.wit meta.param-list.wit meta.named-type-list.wit punctuation.comma.wit
>    result1: result<z>,
#^^^^ source.wit meta.interface-item.wit meta.func-item.wit meta.function.wit meta.param-list.wit meta.whitespace.wit
#    ^^^^^^^ source.wit meta.interface-item.wit meta.func-item.wit meta.function.wit meta.param-list.wit meta.named-type-list.wit variable.parameter.id.named-type.wit
#           ^ source.wit meta.interface-item.wit meta.func-item.wit meta.function.wit meta.param-list.wit meta.named-type-list.wit keyword.operator.key-value.wit
#            ^ source.wit meta.interface-item.wit meta.func-item.wit meta.function.wit meta.param-list.wit meta.named-type-list.wit meta.whitespace.wit
#             ^^^^^^ source.wit meta.interface-item.wit meta.func-item.wit meta.function.wit meta.param-list.wit meta.named-type-list.wit meta.result.ty.wit entity.name.type.result.wit
#                   ^ source.wit meta.interface-item.wit meta.func-item.wit meta.function.wit meta.param-list.wit meta.named-type-list.wit meta.result.ty.wit meta.inner.result.wit punctuation.brackets.angle.begin.wit
#                    ^ source.wit meta.interface-item.wit meta.func-item.wit meta.function.wit meta.param-list.wit meta.named-type-list.wit meta.result.ty.wit meta.inner.result.wit entity.name.type.id.wit
#                     ^ source.wit meta.interface-item.wit meta.func-item.wit meta.function.wit meta.param-list.wit meta.named-type-list.wit meta.result.ty.wit meta.inner.result.wit punctuation.brackets.angle.end.wit
#                      ^ source.wit meta.interface-item.wit meta.func-item.wit meta.function.wit meta.param-list.wit meta.named-type-list.wit punctuation.comma.wit
>    result2: result<borrow<z>>,
#^^^^ source.wit meta.interface-item.wit meta.func-item.wit meta.function.wit meta.param-list.wit meta.whitespace.wit
#    ^^^^^^^ source.wit meta.interface-item.wit meta.func-item.wit meta.function.wit meta.param-list.wit meta.named-type-list.wit variable.parameter.id.named-type.wit
#           ^ source.wit meta.interface-item.wit meta.func-item.wit meta.function.wit meta.param-list.wit meta.named-type-list.wit keyword.operator.key-value.wit
#            ^ source.wit meta.interface-item.wit meta.func-item.wit meta.function.wit meta.param-list.wit meta.named-type-list.wit meta.whitespace.wit
#             ^^^^^^ source.wit meta.interface-item.wit meta.func-item.wit meta.function.wit meta.param-list.wit meta.named-type-list.wit meta.result.ty.wit entity.name.type.result.wit
#                   ^ source.wit meta.interface-item.wit meta.func-item.wit meta.function.wit meta.param-list.wit meta.named-type-list.wit meta.result.ty.wit meta.inner.result.wit punctuation.brackets.angle.begin.wit
#                    ^^^^^^ source.wit meta.interface-item.wit meta.func-item.wit meta.function.wit meta.param-list.wit meta.named-type-list.wit meta.result.ty.wit meta.inner.result.wit meta.handle.ty.wit entity.name.type.borrow.handle.wit
#                          ^ source.wit meta.interface-item.wit meta.func-item.wit meta.function.wit meta.param-list.wit meta.named-type-list.wit meta.result.ty.wit meta.inner.result.wit meta.handle.ty.wit punctuation.brackets.angle.begin.wit
#                           ^ source.wit meta.interface-item.wit meta.func-item.wit meta.function.wit meta.param-list.wit meta.named-type-list.wit meta.result.ty.wit meta.inner.result.wit meta.handle.ty.wit entity.name.type.id.handle.wit
#                            ^ source.wit meta.interface-item.wit meta.func-item.wit meta.function.wit meta.param-list.wit meta.named-type-list.wit meta.result.ty.wit meta.inner.result.wit meta.handle.ty.wit punctuation.brackets.angle.end.wit
#                             ^ source.wit meta.interface-item.wit meta.func-item.wit meta.function.wit meta.param-list.wit meta.named-type-list.wit meta.result.ty.wit meta.inner.result.wit punctuation.brackets.angle.end.wit
#                              ^ source.wit meta.interface-item.wit meta.func-item.wit meta.function.wit meta.param-list.wit meta.named-type-list.wit punctuation.comma.wit
>  )
#^^ source.wit meta.interface-item.wit meta.func-item.wit meta.function.wit meta.param-list.wit meta.whitespace.wit
#  ^ source.wit meta.interface-item.wit meta.func-item.wit meta.function.wit meta.param-list.wit punctuation.brackets.round.end.wit
>}
#^ source.wit meta.interface-item.wit punctuation.brackets.curly.end.wit
>
>world resources {
#^^^^^ source.wit meta.world-item.wit keyword.declaration.world.world-item.wit storage.type.wit
#     ^ source.wit meta.world-item.wit
#      ^^^^^^^^^ source.wit meta.world-item.wit entity.name.type.id.world-item.wit
#               ^ source.wit meta.world-item.wit
#                ^ source.wit meta.world-item.wit punctuation.brackets.curly.begin.wit
>  import aggregates
#^^ source.wit meta.world-item.wit meta.whitespace.wit
#  ^^^^^^ source.wit meta.world-item.wit meta.import-item.wit keyword.control.import.import-item.wit
#        ^ source.wit meta.world-item.wit meta.import-item.wit
#         ^^^^^^^^^^ source.wit meta.world-item.wit meta.import-item.wit meta.id.import-item.wit variable.other.id.import-item.wit
>  export aggregates
#^^ source.wit meta.world-item.wit meta.whitespace.wit
#  ^^^^^^ source.wit meta.world-item.wit meta.export-item.wit keyword.control.export.export-item.wit
#        ^ source.wit meta.world-item.wit meta.export-item.wit
#         ^^^^^^^^^^ source.wit meta.world-item.wit meta.export-item.wit meta.id.export-item.wit variable.other.constant.id.export-item.wit
>}
#^ source.wit meta.world-item.wit punctuation.brackets.curly.end.wit
>