>package foo:foo;
#^^^^^^^ source.wit meta.package-decl.wit storage.modifier.package-decl.wit
#       ^ source.wit meta.package-decl.wit
#        ^^^ source.wit meta.package-decl.wit meta.id.package-decl.wit meta.package-identifier.wit entity.name.namespace.package-identifier.wit entity.name.type.id.wit
#           ^ source.wit meta.package-decl.wit meta.id.package-decl.wit meta.package-identifier.wit keyword.operator.namespace.package-identifier.wit
#            ^^^ source.wit meta.package-decl.wit meta.id.package-decl.wit meta.package-identifier.wit entity.name.type.package-identifier.wit entity.name.type.id.wit
#               ^ source.wit meta.package-decl.wit meta.id.package-decl.wit meta.package-identifier.wit entity.name.type.package-identifier.wit
>
>interface sized-lists {
#^^^^^^^^^ source.wit meta.interface-item.wit keyword.declaration.interface.interface-item.wit storage.type.wit
#         ^ source.wit meta.interface-item.wit
#          ^^^^^^^^^^^ source.wit meta.interface-item.wit entity.name.type.id.interface-item.wit
#                     ^ source.wit meta.interface-item.wit
#                      ^ source.wit meta.interface-item.wit punctuation.brackets.curly.begin.wit
>  // Regular lists without size
#^^^^^^^^^^^^^^^^^^^^^^^^^^^^^^^ source.wit meta.interface-item.wit comment.line.double-slash.wit
>  simple-list: func(l: list<u32>);
#^^ source.wit meta.interface-item.wit meta.whitespace.wit
#  ^^^^^^ source.wit meta.interface-item.wit meta.func-item.wit entity.name.function.id.func-item.wit meta.word.wit
#        ^ source.wit meta.interface-item.wit meta.func-item.wit entity.name.function.id.func-item.wit meta.word-separator.wit
#         ^^^^ source.wit meta.interface-item.wit meta.func-item.wit entity.name.function.id.func-item.wit meta.word.wit
#             ^ source.wit meta.interface-item.wit meta.func-item.wit keyword.operator.key-value.wit
#              ^ source.wit meta.interface-item.wit meta.func-item.wit meta.whitespace.wit
#               ^^^^ source.wit meta.interface-item.wit meta.func-item.wit meta.function.wit keyword.other.func.func-type.wit
#                   ^ source.wit meta.interface-item.wit meta.func-item.wit meta.function.wit meta.param-list.wit punctuation.brackets.round.begin.wit
#                    ^ source.wit meta.interface-item.wit meta.func-item.wit meta.function.wit meta.param-list.wit meta.named-type-list.wit variable.parameter.id.named-type.wit
#                     ^ source.wit meta.interface-item.wit meta.func-item.wit meta.function.wit meta.param-list.wit meta.named-type-list.wit keyword.operator.key-value.wit
#                      ^ source.wit meta.interface-item.wit meta.func-item.wit meta.function.wit meta.param-list.wit meta.named-type-list.wit meta.whitespace.wit
#                       ^^^^ source.wit meta.interface-item.wit meta.func-item.wit meta.function.wit meta.param-list.wit meta.named-type-list.wit meta.list.ty.wit entity.name.type.list.wit
#                           ^ source.wit meta.interface-item.wit meta.func-item.wit meta.function.wit meta.param-list.wit meta.named-type-list.wit meta.list.ty.wit punctuation.brackets.angle.begin.wit
#                            ^^^ source.wit meta.interface-item.wit meta.func-item.wit meta.function.wit meta.param-list.wit meta.named-type-list.wit meta.list.ty.wit entity.name.type.numeric.wit
#                               ^ source.wit meta.interface-item.wit meta.func-item.wit meta.function.wit meta.param-list.wit meta.named-type-list.wit meta.list.ty.wit punctuation.brackets.angle.end.wit
#                                ^ source.wit meta.interface-item.wit meta.func-item.wit meta.function.wit meta.param-list.wit punctuation.brackets.round.end.wit
#                                 ^ source.wit meta.interface-item.wit meta.func-item.wit meta.function.wit
>
>  // Sized lists with fixed length
#^^^^^^^^^^^^^^^^^^^^^^^^^^^^^^^^^^ source.wit meta.interface-item.wit comment.line.double-slash.wit
>  ipv4-address: func() -> list<u8, 4>;
#^^ source.wit meta.interface-item.wit meta.whitespace.wit
#  ^^^^ source.wit meta.interface-item.wit meta.func-item.wit entity.name.function.id.func-item.wit meta.word.wit
#      ^ source.wit meta.interface-item.wit meta.func-item.wit entity.name.function.id.func-item.wit meta.word-separator.wit
#       ^^^^^^^ source.wit meta.interface-item.wit meta.func-item.wit entity.name.function.id.func-item.wit meta.word.wit
#              ^ source.wit meta.interface-item.wit meta.func-item.wit keyword.operator.key-value.wit
#               ^ source.wit meta.interface-item.wit meta.func-item.wit meta.whitespace.wit
#                ^^^^ source.wit meta.interface-item.wit meta.func-item.wit meta.function.wit keyword.other.func.func-type.wit
#                    ^ source.wit meta.interface-item.wit meta.func-item.wit meta.function.wit meta.param-list.wit punctuation.brackets.round.begin.wit
#                     ^ source.wit meta.interface-item.wit meta.func-item.wit meta.function.wit meta.param-list.wit punctuation.brackets.round.end.wit
#                      ^ source.wit meta.interface-item.wit meta.func-item.wit meta.function.wit meta.whitespace.wit
#                       ^^ source.wit meta.interface-item.wit meta.func-item.wit meta.function.wit meta.result-list.wit keyword.operator.arrow.skinny.wit
#                         ^ source.wit meta.interface-item.wit meta.func-item.wit meta.function.wit meta.result-list.wit meta.whitespace.wit
#                          ^^^^ source.wit meta.interface-item.wit meta.func-item.wit meta.function.wit meta.result-list.wit meta.list.ty.wit entity.name.type.list.wit
#                              ^ source.wit meta.interface-item.wit meta.func-item.wit meta.function.wit meta.result-list.wit meta.list.ty.wit punctuation.brackets.angle.begin.wit
#                               ^^ source.wit meta.interface-item.wit meta.func-item.wit meta.function.wit meta.result-list.wit meta.list.ty.wit entity.name.type.numeric.wit
#                                 ^ source.wit meta.interface-item.wit meta.func-item.wit meta.function.wit meta.result-list.wit meta.list.ty.wit meta.list-size-separator.wit punctuation.comma.wit
#                                  ^ source.wit meta.interface-item.wit meta.func-item.wit meta.function.wit meta.result-list.wit meta.list.ty.wit meta.list-size-separator.wit
#                                   ^ source.wit meta.interface-item.wit meta.func-item.wit meta.function.wit meta.result-list.wit meta.list.ty.wit meta.list-size.wit constant.numeric.integer.list-size.wit
#                                    ^ source.wit meta.interface-item.wit meta.func-item.wit meta.function.wit meta.result-list.wit meta.list.ty.wit punctuation.brackets.angle.end.wit
#                                     ^ source.wit meta.interface-item.wit meta.func-item.wit meta.function.wit meta.result-list.wit
>  ipv6-address: func() -> list<u16, 8>;
#^^ source.wit meta.interface-item.wit meta.whitespace.wit
#  ^^^^ source.wit meta.interface-item.wit meta.func-item.wit entity.name.function.id.func-item.wit meta.word.wit
#      ^ source.wit meta.interface-item.wit meta.func-item.wit entity.name.function.id.func-item.wit meta.word-separator.wit
#       ^^^^^^^ source.wit meta.interface-item.wit meta.func-item.wit entity.name.function.id.func-item.wit meta.word.wit
#              ^ source.wit meta.interface-item.wit meta.func-item.wit keyword.operator.key-value.wit
#               ^ source.wit meta.interface-item.wit meta.func-item.wit meta.whitespace.wit
#                ^^^^ source.wit meta.interface-item.wit meta.func-item.wit meta.function.wit keyword.other.func.func-type.wit
#                    ^ source.wit meta.interface-item.wit meta.func-item.wit meta.function.wit meta.param-list.wit punctuation.brackets.round.begin.wit
#                     ^ source.wit meta.interface-item.wit meta.func-item.wit meta.function.wit meta.param-list.wit punctuation.brackets.round.end.wit
#                      ^ source.wit meta.interface-item.wit meta.func-item.wit meta.function.wit meta.whitespace.wit
#                       ^^ source.wit meta.interface-item.wit meta.func-item.wit meta.function.wit meta.result-list.wit keyword.operator.arrow.skinny.wit
#                         ^ source.wit meta.interface-item.wit meta.func-item.wit meta.function.wit meta.result-list.wit meta.whitespace.wit
#                          ^^^^ source.wit meta.interface-item.wit meta.func-item.wit meta.function.wit meta.result-list.wit meta.list.ty.wit entity.name.type.list.wit
#                              ^ source.wit meta.interface-item.wit meta.func-item.wit meta.function.wit meta.result-list.wit meta.list.ty.wit punctuation.brackets.angle.begin.wit
#                               ^^^ source.wit meta.interface-item.wit meta.func-item.wit meta.function.wit meta.result-list.wit meta.list.ty.wit entity.name.type.numeric.wit
#                                  ^ source.wit meta.interface-item.wit meta.func-item.wit meta.function.wit meta.result-list.wit meta.list.ty.wit meta.list-size-separator.wit punctuation.comma.wit
#                                   ^ source.wit meta.interface-item.wit meta.func-item.wit meta.function.wit meta.result-list.wit meta.list.ty.wit meta.list-size-separator.wit
#                                    ^ source.wit meta.interface-item.wit meta.func-item.wit meta.function.wit meta.result-list.wit meta.list.ty.wit meta.list-size.wit constant.numeric.integer.list-size.wit
#                                     ^ source.wit meta.interface-item.wit meta.func-item.wit meta.function.wit meta.result-list.wit meta.list.ty.wit punctuation.brackets.angle.end.wit
#                                      ^ source.wit meta.interface-item.wit meta.func-item.wit meta.function.wit meta.result-list.wit
>  small-buffer: func(data: list<u8, 16>) -> list<u8, 32>;
#^^ source.wit meta.interface-item.wit meta.whitespace.wit
#  ^^^^^ source.wit meta.interface-item.wit meta.func-item.wit entity.name.function.id.func-item.wit meta.word.wit
#       ^ source.wit meta.interface-item.wit meta.func-item.wit entity.name.function.id.func-item.wit meta.word-separator.wit
#        ^^^^^^ source.wit meta.interface-item.wit meta.func-item.wit entity.name.function.id.func-item.wit meta.word.wit
#              ^ source.wit meta.interface-item.wit meta.func-item.wit keyword.operator.key-value.wit
#               ^ source.wit meta.interface-item.wit meta.func-item.wit meta.whitespace.wit
#                ^^^^ source.wit meta.interface-item.wit meta.func-item.wit meta.function.wit keyword.other.func.func-type.wit
#                    ^ source.wit meta.interface-item.wit meta.func-item.wit meta.function.wit meta.param-list.wit punctuation.brackets.round.begin.wit
#                     ^^^^ source.wit meta.interface-item.wit meta.func-item.wit meta.function.wit meta.param-list.wit meta.named-type-list.wit variable.parameter.id.named-type.wit
#                         ^ source.wit meta.interface-item.wit meta.func-item.wit meta.function.wit meta.param-list.wit meta.named-type-list.wit keyword.operator.key-value.wit
#                          ^ source.wit meta.interface-item.wit meta.func-item.wit meta.function.wit meta.param-list.wit meta.named-type-list.wit meta.whitespace.wit
#                           ^^^^ source.wit meta.interface-item.wit meta.func-item.wit meta.function.wit meta.param-list.wit meta.named-type-list.wit meta.list.ty.wit entity.name.type.list.wit
#                               ^ source.wit meta.interface-item.wit meta.func-item.wit meta.function.wit meta.param-list.wit meta.named-type-list.wit meta.list.ty.wit punctuation.brackets.angle.begin.wit
#                                ^^ source.wit meta.interface-item.wit meta.func-item.wit meta.function.wit meta.param-list.wit meta.named-type-list.wit meta.list.ty.wit entity.name.type.numeric.wit
#                                  ^ source.wit meta.interface-item.wit meta.func-item.wit meta.function.wit meta.param-list.wit meta.named-type-list.wit meta.list.ty.wit meta.list-size-separator.wit punctuation.comma.wit
#                                   ^ source.wit meta.interface-item.wit meta.func-item.wit meta.function.wit meta.param-list.wit meta.named-type-list.wit meta.list.ty.wit meta.list-size-separator.wit
#                                    ^^ source.wit meta.interface-item.wit meta.func-item.wit meta.function.wit meta.param-list.wit meta.named-type-list.wit meta.list.ty.wit meta.list-size.wit constant.numeric.integer.list-size.wit
#                                      ^ source.wit meta.interface-item.wit meta.func-item.wit meta.function.wit meta.param-list.wit meta.named-type-list.wit meta.list.ty.wit punctuation.brackets.angle.end.wit
#                                       ^ source.wit meta.interface-item.wit meta.func-item.wit meta.function.wit meta.param-list.wit punctuation.brackets.round.end.wit
#                                        ^ source.wit meta.interface-item.wit meta.func-item.wit meta.function.wit meta.whitespace.wit
#                                         ^^ source.wit meta.interface-item.wit meta.func-item.wit meta.function.wit meta.result-list.wit keyword.operator.arrow.skinny.wit
#                                           ^ source.wit meta.interface-item.wit meta.func-item.wit meta.function.wit meta.result-list.wit meta.whitespace.wit
#                                            ^^^^ source.wit meta.interface-item.wit meta.func-item.wit meta.function.wit meta.result-list.wit meta.list.ty.wit entity.name.type.list.wit
#                                                ^ source.wit meta.interface-item.wit meta.func-item.wit meta.function.wit meta.result-list.wit meta.list.ty.wit punctuation.brackets.angle.begin.wit
#                                                 ^^ source.wit meta.interface-item.wit meta.func-item.wit meta.function.wit meta.result-list.wit meta.list.ty.wit entity.name.type.numeric.wit
#                                                   ^ source.wit meta.interface-item.wit meta.func-item.wit meta.function.wit meta.result-list.wit meta.list.ty.wit meta.list-size-separator.wit punctuation.comma.wit
#                                                    ^ source.wit meta.interface-item.wit meta.func-item.wit meta.function.wit meta.result-list.wit meta.list.ty.wit meta.list-size-separator.wit
#                                                     ^^ source.wit meta.interface-item.wit meta.func-item.wit meta.function.wit meta.result-list.wit meta.list.ty.wit meta.list-size.wit constant.numeric.integer.list-size.wit
#                                                       ^ source.wit meta.interface-item.wit meta.func-item.wit meta.function.wit meta.result-list.wit meta.list.ty.wit punctuation.brackets.angle.end.wit
#                                                        ^ source.wit meta.interface-item.wit meta.func-item.wit meta.function.wit meta.result-list.wit
>
>  // Nested structures with sized lists
#^^^^^^^^^^^^^^^^^^^^^^^^^^^^^^^^^^^^^^^ source.wit meta.interface-item.wit comment.line.double-slash.wit
>  complex-data: func() -> tuple<list<u32, 4>, list<string, 2>>;
#^^ source.wit meta.interface-item.wit meta.whitespace.wit
#  ^^^^^^^ source.wit meta.interface-item.wit meta.func-item.wit entity.name.function.id.func-item.wit meta.word.wit
#         ^ source.wit meta.interface-item.wit meta.func-item.wit entity.name.function.id.func-item.wit meta.word-separator.wit
#          ^^^^ source.wit meta.interface-item.wit meta.func-item.wit entity.name.function.id.func-item.wit meta.word.wit
#              ^ source.wit meta.interface-item.wit meta.func-item.wit keyword.operator.key-value.wit
#               ^ source.wit meta.interface-item.wit meta.func-item.wit meta.whitespace.wit
#                ^^^^ source.wit meta.interface-item.wit meta.func-item.wit meta.function.wit keyword.other.func.func-type.wit
#                    ^ source.wit meta.interface-item.wit meta.func-item.wit meta.function.wit meta.param-list.wit punctuation.brackets.round.begin.wit
#                     ^ source.wit meta.interface-item.wit meta.func-item.wit meta.function.wit meta.param-list.wit punctuation.brackets.round.end.wit
#                      ^ source.wit meta.interface-item.wit meta.func-item.wit meta.function.wit meta.whitespace.wit
#                       ^^ source.wit meta.interface-item.wit meta.func-item.wit meta.function.wit meta.result-list.wit keyword.operator.arrow.skinny.wit
#                         ^ source.wit meta.interface-item.wit meta.func-item.wit meta.function.wit meta.result-list.wit meta.whitespace.wit
#                          ^^^^^ source.wit meta.interface-item.wit meta.func-item.wit meta.function.wit meta.result-list.wit meta.tuple.ty.wit entity.name.type.tuple.wit
#                               ^ source.wit meta.interface-item.wit meta.func-item.wit meta.function.wit meta.result-list.wit meta.tuple.ty.wit punctuation.brackets.angle.begin.wit
#                                ^^^^ source.wit meta.interface-item.wit meta.func-item.wit meta.function.wit meta.result-list.wit meta.tuple.ty.wit meta.list.ty.wit entity.name.type.list.wit
#                                    ^ source.wit meta.interface-item.wit meta.func-item.wit meta.function.wit meta.result-list.wit meta.tuple.ty.wit meta.list.ty.wit punctuation.brackets.angle.begin.wit
#                                     ^^^ source.wit meta.interface-item.wit meta.func-item.wit meta.function.wit meta.result-list.wit meta.tuple.ty.wit meta.list.ty.wit entity.name.type.numeric.wit
#                                        ^ source.wit meta.interface-item.wit meta.func-item.wit meta.function.wit meta.result-list.wit meta.tuple.ty.wit meta.list.ty.wit meta.list-size-separator.wit punctuation.comma.wit
#                                         ^ source.wit meta.interface-item.wit meta.func-item.wit meta.function.wit meta.result-list.wit meta.tuple.ty.wit meta.list.ty.wit meta.list-size-separator.wit
#                                          ^ source.wit meta.interface-item.wit meta.func-item.wit meta.function.wit meta.result-list.wit meta.tuple.ty.wit meta.list.ty.wit meta.list-size.wit constant.numeric.integer.list-size.wit
#                                           ^ source.wit meta.interface-item.wit meta.func-item.wit meta.function.wit meta.result-list.wit meta.tuple.ty.wit meta.list.ty.wit punctuation.brackets.angle.end.wit
#                                            ^ source.wit meta.interface-item.wit meta.func-item.wit meta.function.wit meta.result-list.wit meta.tuple.ty.wit punctuation.comma.wit
#                                             ^ source.wit meta.interface-item.wit meta.func-item.wit meta.function.wit meta.result-list.wit meta.tuple.ty.wit meta.whitespace.wit
#                                              ^^^^ source.wit meta.interface-item.wit meta.func-item.wit meta.function.wit meta.result-list.wit meta.tuple.ty.wit meta.list.ty.wit entity.name.type.list.wit
#                                                  ^ source.wit meta.interface-item.wit meta.func-item.wit meta.function.wit meta.result-list.wit meta.tuple.ty.wit meta.list.ty.wit punctuation.brackets.angle.begin.wit
#                                                   ^^^^^^ source.wit meta.interface-item.wit meta.func-item.wit meta.function.wit meta.result-list.wit meta.tuple.ty.wit meta.list.ty.wit entity.name.type.string.wit
#                                                         ^ source.wit meta.interface-item.wit meta.func-item.wit meta.function.wit meta.result-list.wit meta.tuple.ty.wit meta.list.ty.wit meta.list-size-separator.wit punctuation.comma.wit
#                                                          ^ source.wit meta.interface-item.wit meta.func-item.wit meta.function.wit meta.result-list.wit meta.tuple.ty.wit meta.list.ty.wit meta.list-size-separator.wit
#                                                           ^ source.wit meta.interface-item.wit meta.func-item.wit meta.function.wit meta.result-list.wit meta.tuple.ty.wit meta.list.ty.wit meta.list-size.wit constant.numeric.integer.list-size.wit
#                                                            ^ source.wit meta.interface-item.wit meta.func-item.wit meta.function.wit meta.result-list.wit meta.tuple.ty.wit meta.list.ty.wit punctuation.brackets.angle.end.wit
#                                                             ^ source.wit meta.interface-item.wit meta.func-item.wit meta.function.wit meta.result-list.wit meta.tuple.ty.wit punctuation.brackets.angle.end.wit
#                                                              ^ source.wit meta.interface-item.wit meta.func-item.wit meta.function.wit meta.result-list.wit
>  record-with-sized-list: func() -> record-type;
#^^ source.wit meta.interface-item.wit meta.whitespace.wit
#  ^^^^^^ source.wit meta.interface-item.wit meta.func-item.wit entity.name.function.id.func-item.wit meta.word.wit
#        ^^^^^^^^^^^ source.wit meta.interface-item.wit meta.func-item.wit entity.name.function.id.func-item.wit
#                   ^ source.wit meta.interface-item.wit meta.func-item.wit entity.name.function.id.func-item.wit meta.word-separator.wit
#                    ^^^^ source.wit meta.interface-item.wit meta.func-item.wit entity.name.function.id.func-item.wit meta.word.wit
#                        ^ source.wit meta.interface-item.wit meta.func-item.wit keyword.operator.key-value.wit
#                         ^ source.wit meta.interface-item.wit meta.func-item.wit meta.whitespace.wit
#                          ^^^^ source.wit meta.interface-item.wit meta.func-item.wit meta.function.wit keyword.other.func.func-type.wit
#                              ^ source.wit meta.interface-item.wit meta.func-item.wit meta.function.wit meta.param-list.wit punctuation.brackets.round.begin.wit
#                               ^ source.wit meta.interface-item.wit meta.func-item.wit meta.function.wit meta.param-list.wit punctuation.brackets.round.end.wit
#                                ^ source.wit meta.interface-item.wit meta.func-item.wit meta.function.wit meta.whitespace.wit
#                                 ^^ source.wit meta.interface-item.wit meta.func-item.wit meta.function.wit meta.result-list.wit keyword.operator.arrow.skinny.wit
#                                   ^ source.wit meta.interface-item.wit meta.func-item.wit meta.function.wit meta.result-list.wit meta.whitespace.wit
#                                    ^^^^^^^^^^^ source.wit meta.interface-item.wit meta.func-item.wit meta.function.wit meta.result-list.wit entity.name.type.id.wit
#                                               ^ source.wit meta.interface-item.wit meta.func-item.wit meta.function.wit meta.result-list.wit
>}
#^ source.wit meta.interface-item.wit punctuation.brackets.curly.end.wit
>
>record record-type {
#^^^^^^ source.wit
#      ^ source.wit meta.whitespace.wit
#       ^^^^^^^^^^^ source.wit
#                  ^ source.wit meta.whitespace.wit
#                   ^ source.wit
>  id: u32,
#^^ source.wit meta.whitespace.wit
#  ^^^ source.wit
#     ^ source.wit meta.whitespace.wit
#      ^^^^ source.wit
>  data: list<u8, 10>,
#^^ source.wit meta.whitespace.wit
#  ^^^^^ source.wit
#       ^ source.wit meta.whitespace.wit
#        ^^^^^^^^ source.wit
#                ^ source.wit meta.whitespace.wit
#                 ^^^^ source.wit
>  tags: list<string, 5>,
#^^ source.wit meta.whitespace.wit
#  ^^^^^ source.wit
#       ^ source.wit meta.whitespace.wit
#        ^^^^^^^^^^^^ source.wit
#                    ^ source.wit meta.whitespace.wit
#                     ^^^ source.wit
>}
#^ source.wit
>
>world sized-lists-world {
#^^^^^ source.wit meta.world-item.wit keyword.declaration.world.world-item.wit storage.type.wit
#     ^ source.wit meta.world-item.wit
#      ^^^^^^^^^^^^^^^^^ source.wit meta.world-item.wit entity.name.type.id.world-item.wit
#                       ^ source.wit meta.world-item.wit
#                        ^ source.wit meta.world-item.wit punctuation.brackets.curly.begin.wit
>  export sized-lists;
#^^ source.wit meta.world-item.wit meta.whitespace.wit
#  ^^^^^^ source.wit meta.world-item.wit meta.export-item.wit keyword.control.export.export-item.wit
#        ^ source.wit meta.world-item.wit meta.export-item.wit
#         ^^^^^^^^^^^ source.wit meta.world-item.wit meta.export-item.wit meta.id.export-item.wit variable.other.constant.id.export-item.wit
#                    ^ source.wit meta.world-item.wit meta.export-item.wit meta.id.export-item.wit
>}
#^ source.wit meta.world-item.wit punctuation.brackets.curly.end.wit
>